/ApplyEyeMakeup/v_ApplyEyeMakeup_g08_c01/ 1 0
/ApplyEyeMakeup/v_ApplyEyeMakeup_g08_c01/ 17 0
/ApplyEyeMakeup/v_ApplyEyeMakeup_g08_c01/ 33 0
/ApplyEyeMakeup/v_ApplyEyeMakeup_g08_c01/ 49 0
/ApplyEyeMakeup/v_ApplyEyeMakeup_g08_c01/ 65 0
/ApplyEyeMakeup/v_ApplyEyeMakeup_g08_c01/ 81 0
/ApplyEyeMakeup/v_ApplyEyeMakeup_g08_c01/ 97 0
/ApplyEyeMakeup/v_ApplyEyeMakeup_g08_c02/ 1 0
/ApplyEyeMakeup/v_ApplyEyeMakeup_g08_c02/ 17 0
/ApplyEyeMakeup/v_ApplyEyeMakeup_g08_c02/ 33 0
/ApplyEyeMakeup/v_ApplyEyeMakeup_g08_c02/ 49 0
/ApplyEyeMakeup/v_ApplyEyeMakeup_g08_c02/ 65 0
/ApplyEyeMakeup/v_ApplyEyeMakeup_g08_c02/ 81 0
/ApplyEyeMakeup/v_ApplyEyeMakeup_g08_c02/ 97 0
/ApplyEyeMakeup/v_ApplyEyeMakeup_g08_c03/ 1 0
/ApplyEyeMakeup/v_ApplyEyeMakeup_g08_c03/ 17 0
/ApplyEyeMakeup/v_ApplyEyeMakeup_g08_c03/ 33 0
/ApplyEyeMakeup/v_ApplyEyeMakeup_g08_c03/ 49 0
/ApplyEyeMakeup/v_ApplyEyeMakeup_g08_c03/ 65 0
/ApplyEyeMakeup/v_ApplyEyeMakeup_g08_c03/ 81 0
/ApplyEyeMakeup/v_ApplyEyeMakeup_g08_c03/ 97 0
/ApplyEyeMakeup/v_ApplyEyeMakeup_g08_c03/ 113 0
/ApplyEyeMakeup/v_ApplyEyeMakeup_g08_c03/ 129 0
/ApplyEyeMakeup/v_ApplyEyeMakeup_g08_c04/ 1 0
/ApplyEyeMakeup/v_ApplyEyeMakeup_g08_c04/ 17 0
/ApplyEyeMakeup/v_ApplyEyeMakeup_g08_c04/ 33 0
/ApplyEyeMakeup/v_ApplyEyeMakeup_g08_c04/ 49 0
/ApplyEyeMakeup/v_ApplyEyeMakeup_g08_c04/ 65 0
/ApplyEyeMakeup/v_ApplyEyeMakeup_g08_c04/ 81 0
/ApplyEyeMakeup/v_ApplyEyeMakeup_g08_c04/ 97 0
/ApplyEyeMakeup/v_ApplyEyeMakeup_g08_c04/ 113 0
/ApplyEyeMakeup/v_ApplyEyeMakeup_g08_c04/ 129 0
/ApplyEyeMakeup/v_ApplyEyeMakeup_g08_c04/ 145 0
/ApplyEyeMakeup/v_ApplyEyeMakeup_g08_c04/ 161 0
/ApplyEyeMakeup/v_ApplyEyeMakeup_g08_c04/ 177 0
/ApplyEyeMakeup/v_ApplyEyeMakeup_g08_c04/ 193 0
/ApplyEyeMakeup/v_ApplyEyeMakeup_g08_c04/ 209 0
/ApplyEyeMakeup/v_ApplyEyeMakeup_g08_c05/ 1 0
/ApplyEyeMakeup/v_ApplyEyeMakeup_g08_c05/ 17 0
/ApplyEyeMakeup/v_ApplyEyeMakeup_g08_c05/ 33 0
/ApplyEyeMakeup/v_ApplyEyeMakeup_g08_c05/ 49 0
/ApplyEyeMakeup/v_ApplyEyeMakeup_g08_c05/ 65 0
/ApplyEyeMakeup/v_ApplyEyeMakeup_g08_c05/ 81 0
/ApplyEyeMakeup/v_ApplyEyeMakeup_g08_c05/ 97 0
/ApplyEyeMakeup/v_ApplyEyeMakeup_g08_c05/ 113 0
/ApplyEyeMakeup/v_ApplyEyeMakeup_g08_c05/ 129 0
/ApplyEyeMakeup/v_ApplyEyeMakeup_g08_c05/ 145 0
/ApplyEyeMakeup/v_ApplyEyeMakeup_g08_c05/ 161 0
/ApplyEyeMakeup/v_ApplyEyeMakeup_g08_c05/ 177 0
/ApplyEyeMakeup/v_ApplyEyeMakeup_g08_c05/ 193 0
/ApplyEyeMakeup/v_ApplyEyeMakeup_g08_c05/ 209 0
/ApplyEyeMakeup/v_ApplyEyeMakeup_g08_c05/ 225 0
/ApplyEyeMakeup/v_ApplyEyeMakeup_g08_c05/ 241 0
/ApplyEyeMakeup/v_ApplyEyeMakeup_g08_c05/ 257 0
/ApplyEyeMakeup/v_ApplyEyeMakeup_g09_c01/ 1 0
/ApplyEyeMakeup/v_ApplyEyeMakeup_g09_c01/ 17 0
/ApplyEyeMakeup/v_ApplyEyeMakeup_g09_c01/ 33 0
/ApplyEyeMakeup/v_ApplyEyeMakeup_g09_c01/ 49 0
/ApplyEyeMakeup/v_ApplyEyeMakeup_g09_c01/ 65 0
/ApplyEyeMakeup/v_ApplyEyeMakeup_g09_c01/ 81 0
/ApplyEyeMakeup/v_ApplyEyeMakeup_g09_c01/ 97 0
/ApplyEyeMakeup/v_ApplyEyeMakeup_g09_c01/ 113 0
/ApplyEyeMakeup/v_ApplyEyeMakeup_g09_c01/ 129 0
/ApplyEyeMakeup/v_ApplyEyeMakeup_g09_c01/ 145 0
/ApplyEyeMakeup/v_ApplyEyeMakeup_g09_c01/ 161 0
/ApplyEyeMakeup/v_ApplyEyeMakeup_g09_c02/ 1 0
/ApplyEyeMakeup/v_ApplyEyeMakeup_g09_c02/ 17 0
/ApplyEyeMakeup/v_ApplyEyeMakeup_g09_c02/ 33 0
/ApplyEyeMakeup/v_ApplyEyeMakeup_g09_c02/ 49 0
/ApplyEyeMakeup/v_ApplyEyeMakeup_g09_c02/ 65 0
/ApplyEyeMakeup/v_ApplyEyeMakeup_g09_c02/ 81 0
/ApplyEyeMakeup/v_ApplyEyeMakeup_g09_c02/ 97 0
/ApplyEyeMakeup/v_ApplyEyeMakeup_g09_c02/ 113 0
/ApplyEyeMakeup/v_ApplyEyeMakeup_g09_c02/ 129 0
/ApplyEyeMakeup/v_ApplyEyeMakeup_g09_c02/ 145 0
/ApplyEyeMakeup/v_ApplyEyeMakeup_g09_c02/ 161 0
/ApplyEyeMakeup/v_ApplyEyeMakeup_g09_c02/ 177 0
/ApplyEyeMakeup/v_ApplyEyeMakeup_g09_c02/ 193 0
/ApplyEyeMakeup/v_ApplyEyeMakeup_g09_c02/ 209 0
/ApplyEyeMakeup/v_ApplyEyeMakeup_g09_c02/ 225 0
/ApplyEyeMakeup/v_ApplyEyeMakeup_g09_c02/ 241 0
/ApplyEyeMakeup/v_ApplyEyeMakeup_g09_c03/ 1 0
/ApplyEyeMakeup/v_ApplyEyeMakeup_g09_c03/ 17 0
/ApplyEyeMakeup/v_ApplyEyeMakeup_g09_c03/ 33 0
/ApplyEyeMakeup/v_ApplyEyeMakeup_g09_c03/ 49 0
/ApplyEyeMakeup/v_ApplyEyeMakeup_g09_c03/ 65 0
/ApplyEyeMakeup/v_ApplyEyeMakeup_g09_c03/ 81 0
/ApplyEyeMakeup/v_ApplyEyeMakeup_g09_c03/ 97 0
/ApplyEyeMakeup/v_ApplyEyeMakeup_g09_c03/ 113 0
/ApplyEyeMakeup/v_ApplyEyeMakeup_g09_c03/ 129 0
/ApplyEyeMakeup/v_ApplyEyeMakeup_g09_c03/ 145 0
/ApplyEyeMakeup/v_ApplyEyeMakeup_g09_c03/ 161 0
/ApplyEyeMakeup/v_ApplyEyeMakeup_g09_c03/ 177 0
/ApplyEyeMakeup/v_ApplyEyeMakeup_g09_c03/ 193 0
/ApplyEyeMakeup/v_ApplyEyeMakeup_g09_c04/ 1 0
/ApplyEyeMakeup/v_ApplyEyeMakeup_g09_c04/ 17 0
/ApplyEyeMakeup/v_ApplyEyeMakeup_g09_c04/ 33 0
/ApplyEyeMakeup/v_ApplyEyeMakeup_g09_c04/ 49 0
/ApplyEyeMakeup/v_ApplyEyeMakeup_g09_c04/ 65 0
/ApplyEyeMakeup/v_ApplyEyeMakeup_g09_c04/ 81 0
/ApplyEyeMakeup/v_ApplyEyeMakeup_g09_c04/ 97 0
/ApplyEyeMakeup/v_ApplyEyeMakeup_g09_c04/ 113 0
/ApplyEyeMakeup/v_ApplyEyeMakeup_g09_c04/ 129 0
/ApplyEyeMakeup/v_ApplyEyeMakeup_g09_c04/ 145 0
/ApplyEyeMakeup/v_ApplyEyeMakeup_g09_c04/ 161 0
/ApplyEyeMakeup/v_ApplyEyeMakeup_g09_c04/ 177 0
/ApplyEyeMakeup/v_ApplyEyeMakeup_g09_c05/ 1 0
/ApplyEyeMakeup/v_ApplyEyeMakeup_g09_c05/ 17 0
/ApplyEyeMakeup/v_ApplyEyeMakeup_g09_c05/ 33 0
/ApplyEyeMakeup/v_ApplyEyeMakeup_g09_c05/ 49 0
/ApplyEyeMakeup/v_ApplyEyeMakeup_g09_c05/ 65 0
/ApplyEyeMakeup/v_ApplyEyeMakeup_g09_c05/ 81 0
/ApplyEyeMakeup/v_ApplyEyeMakeup_g09_c05/ 97 0
/ApplyEyeMakeup/v_ApplyEyeMakeup_g09_c05/ 113 0
/ApplyEyeMakeup/v_ApplyEyeMakeup_g09_c05/ 129 0
/ApplyEyeMakeup/v_ApplyEyeMakeup_g09_c05/ 145 0
/ApplyEyeMakeup/v_ApplyEyeMakeup_g09_c05/ 161 0
/ApplyEyeMakeup/v_ApplyEyeMakeup_g09_c05/ 177 0
/ApplyEyeMakeup/v_ApplyEyeMakeup_g09_c06/ 1 0
/ApplyEyeMakeup/v_ApplyEyeMakeup_g09_c06/ 17 0
/ApplyEyeMakeup/v_ApplyEyeMakeup_g09_c06/ 33 0
/ApplyEyeMakeup/v_ApplyEyeMakeup_g09_c06/ 49 0
/ApplyEyeMakeup/v_ApplyEyeMakeup_g09_c06/ 65 0
/ApplyEyeMakeup/v_ApplyEyeMakeup_g09_c06/ 81 0
/ApplyEyeMakeup/v_ApplyEyeMakeup_g09_c06/ 97 0
/ApplyEyeMakeup/v_ApplyEyeMakeup_g09_c06/ 113 0
/ApplyEyeMakeup/v_ApplyEyeMakeup_g09_c06/ 129 0
/ApplyEyeMakeup/v_ApplyEyeMakeup_g09_c06/ 145 0
/ApplyEyeMakeup/v_ApplyEyeMakeup_g09_c06/ 161 0
/ApplyEyeMakeup/v_ApplyEyeMakeup_g09_c07/ 1 0
/ApplyEyeMakeup/v_ApplyEyeMakeup_g09_c07/ 17 0
/ApplyEyeMakeup/v_ApplyEyeMakeup_g09_c07/ 33 0
/ApplyEyeMakeup/v_ApplyEyeMakeup_g09_c07/ 49 0
/ApplyEyeMakeup/v_ApplyEyeMakeup_g09_c07/ 65 0
/ApplyEyeMakeup/v_ApplyEyeMakeup_g09_c07/ 81 0
/ApplyEyeMakeup/v_ApplyEyeMakeup_g09_c07/ 97 0
/ApplyEyeMakeup/v_ApplyEyeMakeup_g09_c07/ 113 0
/ApplyEyeMakeup/v_ApplyEyeMakeup_g09_c07/ 129 0
/ApplyEyeMakeup/v_ApplyEyeMakeup_g09_c07/ 145 0
/ApplyEyeMakeup/v_ApplyEyeMakeup_g09_c07/ 161 0
/ApplyEyeMakeup/v_ApplyEyeMakeup_g09_c07/ 177 0
/ApplyEyeMakeup/v_ApplyEyeMakeup_g09_c07/ 193 0
/ApplyEyeMakeup/v_ApplyEyeMakeup_g09_c07/ 209 0
/ApplyEyeMakeup/v_ApplyEyeMakeup_g09_c07/ 225 0
/ApplyEyeMakeup/v_ApplyEyeMakeup_g09_c07/ 241 0
/ApplyEyeMakeup/v_ApplyEyeMakeup_g10_c01/ 1 0
/ApplyEyeMakeup/v_ApplyEyeMakeup_g10_c01/ 17 0
/ApplyEyeMakeup/v_ApplyEyeMakeup_g10_c01/ 33 0
/ApplyEyeMakeup/v_ApplyEyeMakeup_g10_c01/ 49 0
/ApplyEyeMakeup/v_ApplyEyeMakeup_g10_c01/ 65 0
/ApplyEyeMakeup/v_ApplyEyeMakeup_g10_c01/ 81 0
/ApplyEyeMakeup/v_ApplyEyeMakeup_g10_c01/ 97 0
/ApplyEyeMakeup/v_ApplyEyeMakeup_g10_c01/ 113 0
/ApplyEyeMakeup/v_ApplyEyeMakeup_g10_c01/ 129 0
/ApplyEyeMakeup/v_ApplyEyeMakeup_g10_c02/ 1 0
/ApplyEyeMakeup/v_ApplyEyeMakeup_g10_c02/ 17 0
/ApplyEyeMakeup/v_ApplyEyeMakeup_g10_c02/ 33 0
/ApplyEyeMakeup/v_ApplyEyeMakeup_g10_c02/ 49 0
/ApplyEyeMakeup/v_ApplyEyeMakeup_g10_c02/ 65 0
/ApplyEyeMakeup/v_ApplyEyeMakeup_g10_c02/ 81 0
/ApplyEyeMakeup/v_ApplyEyeMakeup_g10_c03/ 1 0
/ApplyEyeMakeup/v_ApplyEyeMakeup_g10_c03/ 17 0
/ApplyEyeMakeup/v_ApplyEyeMakeup_g10_c03/ 33 0
/ApplyEyeMakeup/v_ApplyEyeMakeup_g10_c03/ 49 0
/ApplyEyeMakeup/v_ApplyEyeMakeup_g10_c03/ 65 0
/ApplyEyeMakeup/v_ApplyEyeMakeup_g10_c03/ 81 0
/ApplyEyeMakeup/v_ApplyEyeMakeup_g10_c04/ 1 0
/ApplyEyeMakeup/v_ApplyEyeMakeup_g10_c04/ 17 0
/ApplyEyeMakeup/v_ApplyEyeMakeup_g10_c04/ 33 0
/ApplyEyeMakeup/v_ApplyEyeMakeup_g10_c04/ 49 0
/ApplyEyeMakeup/v_ApplyEyeMakeup_g10_c04/ 65 0
/ApplyEyeMakeup/v_ApplyEyeMakeup_g10_c04/ 81 0
/ApplyEyeMakeup/v_ApplyEyeMakeup_g10_c04/ 97 0
/ApplyEyeMakeup/v_ApplyEyeMakeup_g10_c05/ 1 0
/ApplyEyeMakeup/v_ApplyEyeMakeup_g10_c05/ 17 0
/ApplyEyeMakeup/v_ApplyEyeMakeup_g10_c05/ 33 0
/ApplyEyeMakeup/v_ApplyEyeMakeup_g10_c05/ 49 0
/ApplyEyeMakeup/v_ApplyEyeMakeup_g10_c05/ 65 0
/ApplyEyeMakeup/v_ApplyEyeMakeup_g10_c05/ 81 0
/ApplyEyeMakeup/v_ApplyEyeMakeup_g10_c05/ 97 0
/ApplyEyeMakeup/v_ApplyEyeMakeup_g11_c01/ 1 0
/ApplyEyeMakeup/v_ApplyEyeMakeup_g11_c01/ 17 0
/ApplyEyeMakeup/v_ApplyEyeMakeup_g11_c01/ 33 0
/ApplyEyeMakeup/v_ApplyEyeMakeup_g11_c01/ 49 0
/ApplyEyeMakeup/v_ApplyEyeMakeup_g11_c01/ 65 0
/ApplyEyeMakeup/v_ApplyEyeMakeup_g11_c01/ 81 0
/ApplyEyeMakeup/v_ApplyEyeMakeup_g11_c01/ 97 0
/ApplyEyeMakeup/v_ApplyEyeMakeup_g11_c01/ 113 0
/ApplyEyeMakeup/v_ApplyEyeMakeup_g11_c02/ 1 0
/ApplyEyeMakeup/v_ApplyEyeMakeup_g11_c02/ 17 0
/ApplyEyeMakeup/v_ApplyEyeMakeup_g11_c02/ 33 0
/ApplyEyeMakeup/v_ApplyEyeMakeup_g11_c02/ 49 0
/ApplyEyeMakeup/v_ApplyEyeMakeup_g11_c02/ 65 0
/ApplyEyeMakeup/v_ApplyEyeMakeup_g11_c02/ 81 0
/ApplyEyeMakeup/v_ApplyEyeMakeup_g11_c02/ 97 0
/ApplyEyeMakeup/v_ApplyEyeMakeup_g11_c02/ 113 0
/ApplyEyeMakeup/v_ApplyEyeMakeup_g11_c02/ 129 0
/ApplyEyeMakeup/v_ApplyEyeMakeup_g11_c02/ 145 0
/ApplyEyeMakeup/v_ApplyEyeMakeup_g11_c02/ 161 0
/ApplyEyeMakeup/v_ApplyEyeMakeup_g11_c03/ 1 0
/ApplyEyeMakeup/v_ApplyEyeMakeup_g11_c03/ 17 0
/ApplyEyeMakeup/v_ApplyEyeMakeup_g11_c03/ 33 0
/ApplyEyeMakeup/v_ApplyEyeMakeup_g11_c03/ 49 0
/ApplyEyeMakeup/v_ApplyEyeMakeup_g11_c03/ 65 0
/ApplyEyeMakeup/v_ApplyEyeMakeup_g11_c03/ 81 0
/ApplyEyeMakeup/v_ApplyEyeMakeup_g11_c03/ 97 0
/ApplyEyeMakeup/v_ApplyEyeMakeup_g11_c04/ 1 0
/ApplyEyeMakeup/v_ApplyEyeMakeup_g11_c04/ 17 0
/ApplyEyeMakeup/v_ApplyEyeMakeup_g11_c04/ 33 0
/ApplyEyeMakeup/v_ApplyEyeMakeup_g11_c04/ 49 0
/ApplyEyeMakeup/v_ApplyEyeMakeup_g11_c04/ 65 0
/ApplyEyeMakeup/v_ApplyEyeMakeup_g11_c04/ 81 0
/ApplyEyeMakeup/v_ApplyEyeMakeup_g11_c04/ 97 0
/ApplyEyeMakeup/v_ApplyEyeMakeup_g11_c04/ 113 0
/ApplyEyeMakeup/v_ApplyEyeMakeup_g11_c05/ 1 0
/ApplyEyeMakeup/v_ApplyEyeMakeup_g11_c05/ 17 0
/ApplyEyeMakeup/v_ApplyEyeMakeup_g11_c05/ 33 0
/ApplyEyeMakeup/v_ApplyEyeMakeup_g11_c05/ 49 0
/ApplyEyeMakeup/v_ApplyEyeMakeup_g11_c05/ 65 0
/ApplyEyeMakeup/v_ApplyEyeMakeup_g11_c05/ 81 0
/ApplyEyeMakeup/v_ApplyEyeMakeup_g11_c05/ 97 0
/ApplyEyeMakeup/v_ApplyEyeMakeup_g11_c05/ 113 0
/ApplyEyeMakeup/v_ApplyEyeMakeup_g11_c05/ 129 0
/ApplyEyeMakeup/v_ApplyEyeMakeup_g11_c05/ 145 0
/ApplyEyeMakeup/v_ApplyEyeMakeup_g11_c05/ 161 0
/ApplyEyeMakeup/v_ApplyEyeMakeup_g12_c01/ 1 0
/ApplyEyeMakeup/v_ApplyEyeMakeup_g12_c01/ 17 0
/ApplyEyeMakeup/v_ApplyEyeMakeup_g12_c01/ 33 0
/ApplyEyeMakeup/v_ApplyEyeMakeup_g12_c01/ 49 0
/ApplyEyeMakeup/v_ApplyEyeMakeup_g12_c01/ 65 0
/ApplyEyeMakeup/v_ApplyEyeMakeup_g12_c01/ 81 0
/ApplyEyeMakeup/v_ApplyEyeMakeup_g12_c01/ 97 0
/ApplyEyeMakeup/v_ApplyEyeMakeup_g12_c01/ 113 0
/ApplyEyeMakeup/v_ApplyEyeMakeup_g12_c01/ 129 0
/ApplyEyeMakeup/v_ApplyEyeMakeup_g12_c01/ 145 0
/ApplyEyeMakeup/v_ApplyEyeMakeup_g12_c01/ 161 0
/ApplyEyeMakeup/v_ApplyEyeMakeup_g12_c01/ 177 0
/ApplyEyeMakeup/v_ApplyEyeMakeup_g12_c01/ 193 0
/ApplyEyeMakeup/v_ApplyEyeMakeup_g12_c01/ 209 0
/ApplyEyeMakeup/v_ApplyEyeMakeup_g12_c02/ 1 0
/ApplyEyeMakeup/v_ApplyEyeMakeup_g12_c02/ 17 0
/ApplyEyeMakeup/v_ApplyEyeMakeup_g12_c02/ 33 0
/ApplyEyeMakeup/v_ApplyEyeMakeup_g12_c02/ 49 0
/ApplyEyeMakeup/v_ApplyEyeMakeup_g12_c02/ 65 0
/ApplyEyeMakeup/v_ApplyEyeMakeup_g12_c02/ 81 0
/ApplyEyeMakeup/v_ApplyEyeMakeup_g12_c02/ 97 0
/ApplyEyeMakeup/v_ApplyEyeMakeup_g12_c03/ 1 0
/ApplyEyeMakeup/v_ApplyEyeMakeup_g12_c03/ 17 0
/ApplyEyeMakeup/v_ApplyEyeMakeup_g12_c03/ 33 0
/ApplyEyeMakeup/v_ApplyEyeMakeup_g12_c03/ 49 0
/ApplyEyeMakeup/v_ApplyEyeMakeup_g12_c03/ 65 0
/ApplyEyeMakeup/v_ApplyEyeMakeup_g12_c03/ 81 0
/ApplyEyeMakeup/v_ApplyEyeMakeup_g12_c03/ 97 0
/ApplyEyeMakeup/v_ApplyEyeMakeup_g12_c03/ 113 0
/ApplyEyeMakeup/v_ApplyEyeMakeup_g12_c04/ 1 0
/ApplyEyeMakeup/v_ApplyEyeMakeup_g12_c04/ 17 0
/ApplyEyeMakeup/v_ApplyEyeMakeup_g12_c04/ 33 0
/ApplyEyeMakeup/v_ApplyEyeMakeup_g12_c04/ 49 0
/ApplyEyeMakeup/v_ApplyEyeMakeup_g12_c04/ 65 0
/ApplyEyeMakeup/v_ApplyEyeMakeup_g12_c04/ 81 0
/ApplyEyeMakeup/v_ApplyEyeMakeup_g12_c04/ 97 0
/ApplyEyeMakeup/v_ApplyEyeMakeup_g12_c04/ 113 0
/ApplyEyeMakeup/v_ApplyEyeMakeup_g12_c04/ 129 0
/ApplyEyeMakeup/v_ApplyEyeMakeup_g12_c04/ 145 0
/ApplyEyeMakeup/v_ApplyEyeMakeup_g12_c04/ 161 0
/ApplyEyeMakeup/v_ApplyEyeMakeup_g12_c04/ 177 0
/ApplyEyeMakeup/v_ApplyEyeMakeup_g12_c04/ 193 0
/ApplyEyeMakeup/v_ApplyEyeMakeup_g12_c05/ 1 0
/ApplyEyeMakeup/v_ApplyEyeMakeup_g12_c05/ 17 0
/ApplyEyeMakeup/v_ApplyEyeMakeup_g12_c05/ 33 0
/ApplyEyeMakeup/v_ApplyEyeMakeup_g12_c05/ 49 0
/ApplyEyeMakeup/v_ApplyEyeMakeup_g12_c05/ 65 0
/ApplyEyeMakeup/v_ApplyEyeMakeup_g12_c05/ 81 0
/ApplyEyeMakeup/v_ApplyEyeMakeup_g12_c05/ 97 0
/ApplyEyeMakeup/v_ApplyEyeMakeup_g12_c05/ 113 0
/ApplyEyeMakeup/v_ApplyEyeMakeup_g12_c06/ 1 0
/ApplyEyeMakeup/v_ApplyEyeMakeup_g12_c06/ 17 0
/ApplyEyeMakeup/v_ApplyEyeMakeup_g12_c06/ 33 0
/ApplyEyeMakeup/v_ApplyEyeMakeup_g12_c06/ 49 0
/ApplyEyeMakeup/v_ApplyEyeMakeup_g12_c06/ 65 0
/ApplyEyeMakeup/v_ApplyEyeMakeup_g12_c06/ 81 0
/ApplyEyeMakeup/v_ApplyEyeMakeup_g12_c06/ 97 0
/ApplyEyeMakeup/v_ApplyEyeMakeup_g12_c06/ 113 0
/ApplyEyeMakeup/v_ApplyEyeMakeup_g12_c06/ 129 0
/ApplyEyeMakeup/v_ApplyEyeMakeup_g12_c06/ 145 0
/ApplyEyeMakeup/v_ApplyEyeMakeup_g12_c06/ 161 0
/ApplyEyeMakeup/v_ApplyEyeMakeup_g12_c06/ 177 0
/ApplyEyeMakeup/v_ApplyEyeMakeup_g12_c06/ 193 0
/ApplyEyeMakeup/v_ApplyEyeMakeup_g13_c01/ 1 0
/ApplyEyeMakeup/v_ApplyEyeMakeup_g13_c01/ 17 0
/ApplyEyeMakeup/v_ApplyEyeMakeup_g13_c01/ 33 0
/ApplyEyeMakeup/v_ApplyEyeMakeup_g13_c01/ 49 0
/ApplyEyeMakeup/v_ApplyEyeMakeup_g13_c01/ 65 0
/ApplyEyeMakeup/v_ApplyEyeMakeup_g13_c01/ 81 0
/ApplyEyeMakeup/v_ApplyEyeMakeup_g13_c01/ 97 0
/ApplyEyeMakeup/v_ApplyEyeMakeup_g13_c01/ 113 0
/ApplyEyeMakeup/v_ApplyEyeMakeup_g13_c01/ 129 0
/ApplyEyeMakeup/v_ApplyEyeMakeup_g13_c01/ 145 0
/ApplyEyeMakeup/v_ApplyEyeMakeup_g13_c01/ 161 0
/ApplyEyeMakeup/v_ApplyEyeMakeup_g13_c02/ 1 0
/ApplyEyeMakeup/v_ApplyEyeMakeup_g13_c02/ 17 0
/ApplyEyeMakeup/v_ApplyEyeMakeup_g13_c02/ 33 0
/ApplyEyeMakeup/v_ApplyEyeMakeup_g13_c02/ 49 0
/ApplyEyeMakeup/v_ApplyEyeMakeup_g13_c02/ 65 0
/ApplyEyeMakeup/v_ApplyEyeMakeup_g13_c02/ 81 0
/ApplyEyeMakeup/v_ApplyEyeMakeup_g13_c03/ 1 0
/ApplyEyeMakeup/v_ApplyEyeMakeup_g13_c03/ 17 0
/ApplyEyeMakeup/v_ApplyEyeMakeup_g13_c03/ 33 0
/ApplyEyeMakeup/v_ApplyEyeMakeup_g13_c03/ 49 0
/ApplyEyeMakeup/v_ApplyEyeMakeup_g13_c03/ 65 0
/ApplyEyeMakeup/v_ApplyEyeMakeup_g13_c03/ 81 0
/ApplyEyeMakeup/v_ApplyEyeMakeup_g13_c03/ 97 0
/ApplyEyeMakeup/v_ApplyEyeMakeup_g13_c03/ 113 0
/ApplyEyeMakeup/v_ApplyEyeMakeup_g13_c03/ 129 0
/ApplyEyeMakeup/v_ApplyEyeMakeup_g13_c03/ 145 0
/ApplyEyeMakeup/v_ApplyEyeMakeup_g13_c04/ 1 0
/ApplyEyeMakeup/v_ApplyEyeMakeup_g13_c04/ 17 0
/ApplyEyeMakeup/v_ApplyEyeMakeup_g13_c04/ 33 0
/ApplyEyeMakeup/v_ApplyEyeMakeup_g13_c04/ 49 0
/ApplyEyeMakeup/v_ApplyEyeMakeup_g13_c04/ 65 0
/ApplyEyeMakeup/v_ApplyEyeMakeup_g13_c04/ 81 0
/ApplyEyeMakeup/v_ApplyEyeMakeup_g13_c04/ 97 0
/ApplyEyeMakeup/v_ApplyEyeMakeup_g13_c05/ 1 0
/ApplyEyeMakeup/v_ApplyEyeMakeup_g13_c05/ 17 0
/ApplyEyeMakeup/v_ApplyEyeMakeup_g13_c05/ 33 0
/ApplyEyeMakeup/v_ApplyEyeMakeup_g13_c05/ 49 0
/ApplyEyeMakeup/v_ApplyEyeMakeup_g13_c05/ 65 0
/ApplyEyeMakeup/v_ApplyEyeMakeup_g13_c05/ 81 0
/ApplyEyeMakeup/v_ApplyEyeMakeup_g13_c05/ 97 0
/ApplyEyeMakeup/v_ApplyEyeMakeup_g13_c06/ 1 0
/ApplyEyeMakeup/v_ApplyEyeMakeup_g13_c06/ 17 0
/ApplyEyeMakeup/v_ApplyEyeMakeup_g13_c06/ 33 0
/ApplyEyeMakeup/v_ApplyEyeMakeup_g13_c06/ 49 0
/ApplyEyeMakeup/v_ApplyEyeMakeup_g13_c06/ 65 0
/ApplyEyeMakeup/v_ApplyEyeMakeup_g13_c06/ 81 0
/ApplyEyeMakeup/v_ApplyEyeMakeup_g13_c06/ 97 0
/ApplyEyeMakeup/v_ApplyEyeMakeup_g13_c06/ 113 0
/ApplyEyeMakeup/v_ApplyEyeMakeup_g14_c01/ 1 0
/ApplyEyeMakeup/v_ApplyEyeMakeup_g14_c01/ 17 0
/ApplyEyeMakeup/v_ApplyEyeMakeup_g14_c01/ 33 0
/ApplyEyeMakeup/v_ApplyEyeMakeup_g14_c01/ 49 0
/ApplyEyeMakeup/v_ApplyEyeMakeup_g14_c01/ 65 0
/ApplyEyeMakeup/v_ApplyEyeMakeup_g14_c01/ 81 0
/ApplyEyeMakeup/v_ApplyEyeMakeup_g14_c01/ 97 0
/ApplyEyeMakeup/v_ApplyEyeMakeup_g14_c01/ 113 0
/ApplyEyeMakeup/v_ApplyEyeMakeup_g14_c01/ 129 0
/ApplyEyeMakeup/v_ApplyEyeMakeup_g14_c01/ 145 0
/ApplyEyeMakeup/v_ApplyEyeMakeup_g14_c01/ 161 0
/ApplyEyeMakeup/v_ApplyEyeMakeup_g14_c02/ 1 0
/ApplyEyeMakeup/v_ApplyEyeMakeup_g14_c02/ 17 0
/ApplyEyeMakeup/v_ApplyEyeMakeup_g14_c02/ 33 0
/ApplyEyeMakeup/v_ApplyEyeMakeup_g14_c02/ 49 0
/ApplyEyeMakeup/v_ApplyEyeMakeup_g14_c02/ 65 0
/ApplyEyeMakeup/v_ApplyEyeMakeup_g14_c02/ 81 0
/ApplyEyeMakeup/v_ApplyEyeMakeup_g14_c02/ 97 0
/ApplyEyeMakeup/v_ApplyEyeMakeup_g14_c02/ 113 0
/ApplyEyeMakeup/v_ApplyEyeMakeup_g14_c02/ 129 0
/ApplyEyeMakeup/v_ApplyEyeMakeup_g14_c02/ 145 0
/ApplyEyeMakeup/v_ApplyEyeMakeup_g14_c02/ 161 0
/ApplyEyeMakeup/v_ApplyEyeMakeup_g14_c03/ 1 0
/ApplyEyeMakeup/v_ApplyEyeMakeup_g14_c03/ 17 0
/ApplyEyeMakeup/v_ApplyEyeMakeup_g14_c03/ 33 0
/ApplyEyeMakeup/v_ApplyEyeMakeup_g14_c03/ 49 0
/ApplyEyeMakeup/v_ApplyEyeMakeup_g14_c03/ 65 0
/ApplyEyeMakeup/v_ApplyEyeMakeup_g14_c03/ 81 0
/ApplyEyeMakeup/v_ApplyEyeMakeup_g14_c03/ 97 0
/ApplyEyeMakeup/v_ApplyEyeMakeup_g14_c03/ 113 0
/ApplyEyeMakeup/v_ApplyEyeMakeup_g14_c03/ 129 0
/ApplyEyeMakeup/v_ApplyEyeMakeup_g14_c03/ 145 0
/ApplyEyeMakeup/v_ApplyEyeMakeup_g14_c03/ 161 0
/ApplyEyeMakeup/v_ApplyEyeMakeup_g14_c03/ 177 0
/ApplyEyeMakeup/v_ApplyEyeMakeup_g14_c03/ 193 0
/ApplyEyeMakeup/v_ApplyEyeMakeup_g14_c03/ 209 0
/ApplyEyeMakeup/v_ApplyEyeMakeup_g14_c04/ 1 0
/ApplyEyeMakeup/v_ApplyEyeMakeup_g14_c04/ 17 0
/ApplyEyeMakeup/v_ApplyEyeMakeup_g14_c04/ 33 0
/ApplyEyeMakeup/v_ApplyEyeMakeup_g14_c04/ 49 0
/ApplyEyeMakeup/v_ApplyEyeMakeup_g14_c04/ 65 0
/ApplyEyeMakeup/v_ApplyEyeMakeup_g14_c04/ 81 0
/ApplyEyeMakeup/v_ApplyEyeMakeup_g14_c04/ 97 0
/ApplyEyeMakeup/v_ApplyEyeMakeup_g14_c04/ 113 0
/ApplyEyeMakeup/v_ApplyEyeMakeup_g14_c05/ 1 0
/ApplyEyeMakeup/v_ApplyEyeMakeup_g14_c05/ 17 0
/ApplyEyeMakeup/v_ApplyEyeMakeup_g14_c05/ 33 0
/ApplyEyeMakeup/v_ApplyEyeMakeup_g14_c05/ 49 0
/ApplyEyeMakeup/v_ApplyEyeMakeup_g14_c05/ 65 0
/ApplyEyeMakeup/v_ApplyEyeMakeup_g14_c05/ 81 0
/ApplyEyeMakeup/v_ApplyEyeMakeup_g14_c05/ 97 0
/ApplyEyeMakeup/v_ApplyEyeMakeup_g14_c05/ 113 0
/ApplyEyeMakeup/v_ApplyEyeMakeup_g14_c05/ 129 0
/ApplyEyeMakeup/v_ApplyEyeMakeup_g14_c05/ 145 0
/ApplyEyeMakeup/v_ApplyEyeMakeup_g15_c01/ 1 0
/ApplyEyeMakeup/v_ApplyEyeMakeup_g15_c01/ 17 0
/ApplyEyeMakeup/v_ApplyEyeMakeup_g15_c01/ 33 0
/ApplyEyeMakeup/v_ApplyEyeMakeup_g15_c01/ 49 0
/ApplyEyeMakeup/v_ApplyEyeMakeup_g15_c01/ 65 0
/ApplyEyeMakeup/v_ApplyEyeMakeup_g15_c01/ 81 0
/ApplyEyeMakeup/v_ApplyEyeMakeup_g15_c01/ 97 0
/ApplyEyeMakeup/v_ApplyEyeMakeup_g15_c01/ 113 0
/ApplyEyeMakeup/v_ApplyEyeMakeup_g15_c01/ 129 0
/ApplyEyeMakeup/v_ApplyEyeMakeup_g15_c01/ 145 0
/ApplyEyeMakeup/v_ApplyEyeMakeup_g15_c02/ 1 0
/ApplyEyeMakeup/v_ApplyEyeMakeup_g15_c02/ 17 0
/ApplyEyeMakeup/v_ApplyEyeMakeup_g15_c02/ 33 0
/ApplyEyeMakeup/v_ApplyEyeMakeup_g15_c02/ 49 0
/ApplyEyeMakeup/v_ApplyEyeMakeup_g15_c02/ 65 0
/ApplyEyeMakeup/v_ApplyEyeMakeup_g15_c02/ 81 0
/ApplyEyeMakeup/v_ApplyEyeMakeup_g15_c02/ 97 0
/ApplyEyeMakeup/v_ApplyEyeMakeup_g15_c02/ 113 0
/ApplyEyeMakeup/v_ApplyEyeMakeup_g15_c02/ 129 0
/ApplyEyeMakeup/v_ApplyEyeMakeup_g15_c02/ 145 0
/ApplyEyeMakeup/v_ApplyEyeMakeup_g15_c02/ 161 0
/ApplyEyeMakeup/v_ApplyEyeMakeup_g15_c02/ 177 0
/ApplyEyeMakeup/v_ApplyEyeMakeup_g15_c03/ 1 0
/ApplyEyeMakeup/v_ApplyEyeMakeup_g15_c03/ 17 0
/ApplyEyeMakeup/v_ApplyEyeMakeup_g15_c03/ 33 0
/ApplyEyeMakeup/v_ApplyEyeMakeup_g15_c03/ 49 0
/ApplyEyeMakeup/v_ApplyEyeMakeup_g15_c03/ 65 0
/ApplyEyeMakeup/v_ApplyEyeMakeup_g15_c03/ 81 0
/ApplyEyeMakeup/v_ApplyEyeMakeup_g15_c03/ 97 0
/ApplyEyeMakeup/v_ApplyEyeMakeup_g15_c03/ 113 0
/ApplyEyeMakeup/v_ApplyEyeMakeup_g15_c03/ 129 0
/ApplyEyeMakeup/v_ApplyEyeMakeup_g15_c03/ 145 0
/ApplyEyeMakeup/v_ApplyEyeMakeup_g15_c03/ 161 0
/ApplyEyeMakeup/v_ApplyEyeMakeup_g15_c03/ 177 0
/ApplyEyeMakeup/v_ApplyEyeMakeup_g15_c03/ 193 0
/ApplyEyeMakeup/v_ApplyEyeMakeup_g15_c03/ 209 0
/ApplyEyeMakeup/v_ApplyEyeMakeup_g15_c04/ 1 0
/ApplyEyeMakeup/v_ApplyEyeMakeup_g15_c04/ 17 0
/ApplyEyeMakeup/v_ApplyEyeMakeup_g15_c04/ 33 0
/ApplyEyeMakeup/v_ApplyEyeMakeup_g15_c04/ 49 0
/ApplyEyeMakeup/v_ApplyEyeMakeup_g15_c04/ 65 0
/ApplyEyeMakeup/v_ApplyEyeMakeup_g15_c04/ 81 0
/ApplyEyeMakeup/v_ApplyEyeMakeup_g15_c04/ 97 0
/ApplyEyeMakeup/v_ApplyEyeMakeup_g15_c04/ 113 0
/ApplyEyeMakeup/v_ApplyEyeMakeup_g15_c04/ 129 0
/ApplyEyeMakeup/v_ApplyEyeMakeup_g15_c04/ 145 0
/ApplyEyeMakeup/v_ApplyEyeMakeup_g15_c04/ 161 0
/ApplyEyeMakeup/v_ApplyEyeMakeup_g15_c05/ 1 0
/ApplyEyeMakeup/v_ApplyEyeMakeup_g15_c05/ 17 0
/ApplyEyeMakeup/v_ApplyEyeMakeup_g15_c05/ 33 0
/ApplyEyeMakeup/v_ApplyEyeMakeup_g15_c05/ 49 0
/ApplyEyeMakeup/v_ApplyEyeMakeup_g15_c05/ 65 0
/ApplyEyeMakeup/v_ApplyEyeMakeup_g15_c05/ 81 0
/ApplyEyeMakeup/v_ApplyEyeMakeup_g15_c05/ 97 0
/ApplyEyeMakeup/v_ApplyEyeMakeup_g15_c05/ 113 0
/ApplyEyeMakeup/v_ApplyEyeMakeup_g15_c05/ 129 0
/ApplyEyeMakeup/v_ApplyEyeMakeup_g15_c05/ 145 0
/ApplyEyeMakeup/v_ApplyEyeMakeup_g15_c05/ 161 0
/ApplyEyeMakeup/v_ApplyEyeMakeup_g15_c05/ 177 0
/ApplyEyeMakeup/v_ApplyEyeMakeup_g15_c05/ 193 0
/ApplyEyeMakeup/v_ApplyEyeMakeup_g15_c05/ 209 0
/ApplyEyeMakeup/v_ApplyEyeMakeup_g15_c05/ 225 0
/ApplyEyeMakeup/v_ApplyEyeMakeup_g15_c05/ 241 0
/ApplyEyeMakeup/v_ApplyEyeMakeup_g15_c06/ 1 0
/ApplyEyeMakeup/v_ApplyEyeMakeup_g15_c06/ 17 0
/ApplyEyeMakeup/v_ApplyEyeMakeup_g15_c06/ 33 0
/ApplyEyeMakeup/v_ApplyEyeMakeup_g15_c06/ 49 0
/ApplyEyeMakeup/v_ApplyEyeMakeup_g15_c06/ 65 0
/ApplyEyeMakeup/v_ApplyEyeMakeup_g15_c06/ 81 0
/ApplyEyeMakeup/v_ApplyEyeMakeup_g15_c06/ 97 0
/ApplyEyeMakeup/v_ApplyEyeMakeup_g15_c06/ 113 0
/ApplyEyeMakeup/v_ApplyEyeMakeup_g15_c06/ 129 0
/ApplyEyeMakeup/v_ApplyEyeMakeup_g15_c06/ 145 0
/ApplyEyeMakeup/v_ApplyEyeMakeup_g15_c06/ 161 0
/ApplyEyeMakeup/v_ApplyEyeMakeup_g15_c06/ 177 0
/ApplyEyeMakeup/v_ApplyEyeMakeup_g15_c07/ 1 0
/ApplyEyeMakeup/v_ApplyEyeMakeup_g15_c07/ 17 0
/ApplyEyeMakeup/v_ApplyEyeMakeup_g15_c07/ 33 0
/ApplyEyeMakeup/v_ApplyEyeMakeup_g15_c07/ 49 0
/ApplyEyeMakeup/v_ApplyEyeMakeup_g15_c07/ 65 0
/ApplyEyeMakeup/v_ApplyEyeMakeup_g15_c07/ 81 0
/ApplyEyeMakeup/v_ApplyEyeMakeup_g15_c07/ 97 0
/ApplyEyeMakeup/v_ApplyEyeMakeup_g15_c07/ 113 0
/ApplyEyeMakeup/v_ApplyEyeMakeup_g15_c07/ 129 0
/ApplyEyeMakeup/v_ApplyEyeMakeup_g15_c07/ 145 0
/ApplyEyeMakeup/v_ApplyEyeMakeup_g15_c07/ 161 0
/ApplyEyeMakeup/v_ApplyEyeMakeup_g16_c01/ 1 0
/ApplyEyeMakeup/v_ApplyEyeMakeup_g16_c01/ 17 0
/ApplyEyeMakeup/v_ApplyEyeMakeup_g16_c01/ 33 0
/ApplyEyeMakeup/v_ApplyEyeMakeup_g16_c01/ 49 0
/ApplyEyeMakeup/v_ApplyEyeMakeup_g16_c01/ 65 0
/ApplyEyeMakeup/v_ApplyEyeMakeup_g16_c01/ 81 0
/ApplyEyeMakeup/v_ApplyEyeMakeup_g16_c01/ 97 0
/ApplyEyeMakeup/v_ApplyEyeMakeup_g16_c02/ 1 0
/ApplyEyeMakeup/v_ApplyEyeMakeup_g16_c02/ 17 0
/ApplyEyeMakeup/v_ApplyEyeMakeup_g16_c02/ 33 0
/ApplyEyeMakeup/v_ApplyEyeMakeup_g16_c02/ 49 0
/ApplyEyeMakeup/v_ApplyEyeMakeup_g16_c02/ 65 0
/ApplyEyeMakeup/v_ApplyEyeMakeup_g16_c02/ 81 0
/ApplyEyeMakeup/v_ApplyEyeMakeup_g16_c02/ 97 0
/ApplyEyeMakeup/v_ApplyEyeMakeup_g16_c02/ 113 0
/ApplyEyeMakeup/v_ApplyEyeMakeup_g16_c02/ 129 0
/ApplyEyeMakeup/v_ApplyEyeMakeup_g16_c02/ 145 0
/ApplyEyeMakeup/v_ApplyEyeMakeup_g16_c02/ 161 0
/ApplyEyeMakeup/v_ApplyEyeMakeup_g16_c02/ 177 0
/ApplyEyeMakeup/v_ApplyEyeMakeup_g16_c02/ 193 0
/ApplyEyeMakeup/v_ApplyEyeMakeup_g16_c02/ 209 0
/ApplyEyeMakeup/v_ApplyEyeMakeup_g16_c03/ 1 0
/ApplyEyeMakeup/v_ApplyEyeMakeup_g16_c03/ 17 0
/ApplyEyeMakeup/v_ApplyEyeMakeup_g16_c03/ 33 0
/ApplyEyeMakeup/v_ApplyEyeMakeup_g16_c03/ 49 0
/ApplyEyeMakeup/v_ApplyEyeMakeup_g16_c03/ 65 0
/ApplyEyeMakeup/v_ApplyEyeMakeup_g16_c03/ 81 0
/ApplyEyeMakeup/v_ApplyEyeMakeup_g16_c03/ 97 0
/ApplyEyeMakeup/v_ApplyEyeMakeup_g16_c04/ 1 0
/ApplyEyeMakeup/v_ApplyEyeMakeup_g16_c04/ 17 0
/ApplyEyeMakeup/v_ApplyEyeMakeup_g16_c04/ 33 0
/ApplyEyeMakeup/v_ApplyEyeMakeup_g16_c04/ 49 0
/ApplyEyeMakeup/v_ApplyEyeMakeup_g16_c04/ 65 0
/ApplyEyeMakeup/v_ApplyEyeMakeup_g16_c04/ 81 0
/ApplyEyeMakeup/v_ApplyEyeMakeup_g16_c05/ 1 0
/ApplyEyeMakeup/v_ApplyEyeMakeup_g16_c05/ 17 0
/ApplyEyeMakeup/v_ApplyEyeMakeup_g16_c05/ 33 0
/ApplyEyeMakeup/v_ApplyEyeMakeup_g16_c05/ 49 0
/ApplyEyeMakeup/v_ApplyEyeMakeup_g16_c05/ 65 0
/ApplyEyeMakeup/v_ApplyEyeMakeup_g16_c05/ 81 0
/ApplyEyeMakeup/v_ApplyEyeMakeup_g16_c05/ 97 0
/ApplyEyeMakeup/v_ApplyEyeMakeup_g16_c05/ 113 0
/ApplyEyeMakeup/v_ApplyEyeMakeup_g16_c05/ 129 0
/ApplyEyeMakeup/v_ApplyEyeMakeup_g16_c05/ 145 0
/ApplyEyeMakeup/v_ApplyEyeMakeup_g16_c05/ 161 0
/ApplyEyeMakeup/v_ApplyEyeMakeup_g16_c05/ 177 0
/ApplyEyeMakeup/v_ApplyEyeMakeup_g17_c01/ 1 0
/ApplyEyeMakeup/v_ApplyEyeMakeup_g17_c01/ 17 0
/ApplyEyeMakeup/v_ApplyEyeMakeup_g17_c01/ 33 0
/ApplyEyeMakeup/v_ApplyEyeMakeup_g17_c01/ 49 0
/ApplyEyeMakeup/v_ApplyEyeMakeup_g17_c01/ 65 0
/ApplyEyeMakeup/v_ApplyEyeMakeup_g17_c01/ 81 0
/ApplyEyeMakeup/v_ApplyEyeMakeup_g17_c01/ 97 0
/ApplyEyeMakeup/v_ApplyEyeMakeup_g17_c02/ 1 0
/ApplyEyeMakeup/v_ApplyEyeMakeup_g17_c02/ 17 0
/ApplyEyeMakeup/v_ApplyEyeMakeup_g17_c02/ 33 0
/ApplyEyeMakeup/v_ApplyEyeMakeup_g17_c02/ 49 0
/ApplyEyeMakeup/v_ApplyEyeMakeup_g17_c02/ 65 0
/ApplyEyeMakeup/v_ApplyEyeMakeup_g17_c02/ 81 0
/ApplyEyeMakeup/v_ApplyEyeMakeup_g17_c02/ 97 0
/ApplyEyeMakeup/v_ApplyEyeMakeup_g17_c02/ 113 0
/ApplyEyeMakeup/v_ApplyEyeMakeup_g17_c02/ 129 0
/ApplyEyeMakeup/v_ApplyEyeMakeup_g17_c02/ 145 0
/ApplyEyeMakeup/v_ApplyEyeMakeup_g17_c03/ 1 0
/ApplyEyeMakeup/v_ApplyEyeMakeup_g17_c03/ 17 0
/ApplyEyeMakeup/v_ApplyEyeMakeup_g17_c03/ 33 0
/ApplyEyeMakeup/v_ApplyEyeMakeup_g17_c03/ 49 0
/ApplyEyeMakeup/v_ApplyEyeMakeup_g17_c03/ 65 0
/ApplyEyeMakeup/v_ApplyEyeMakeup_g17_c04/ 1 0
/ApplyEyeMakeup/v_ApplyEyeMakeup_g17_c04/ 17 0
/ApplyEyeMakeup/v_ApplyEyeMakeup_g17_c04/ 33 0
/ApplyEyeMakeup/v_ApplyEyeMakeup_g17_c04/ 49 0
/ApplyEyeMakeup/v_ApplyEyeMakeup_g17_c04/ 65 0
/ApplyEyeMakeup/v_ApplyEyeMakeup_g17_c04/ 81 0
/ApplyEyeMakeup/v_ApplyEyeMakeup_g17_c05/ 1 0
/ApplyEyeMakeup/v_ApplyEyeMakeup_g17_c05/ 17 0
/ApplyEyeMakeup/v_ApplyEyeMakeup_g17_c05/ 33 0
/ApplyEyeMakeup/v_ApplyEyeMakeup_g17_c05/ 49 0
/ApplyEyeMakeup/v_ApplyEyeMakeup_g17_c05/ 65 0
/ApplyEyeMakeup/v_ApplyEyeMakeup_g17_c05/ 81 0
/ApplyEyeMakeup/v_ApplyEyeMakeup_g17_c05/ 97 0
/ApplyEyeMakeup/v_ApplyEyeMakeup_g17_c05/ 113 0
/ApplyEyeMakeup/v_ApplyEyeMakeup_g17_c05/ 129 0
/ApplyEyeMakeup/v_ApplyEyeMakeup_g17_c05/ 145 0
/ApplyEyeMakeup/v_ApplyEyeMakeup_g17_c05/ 161 0
/ApplyEyeMakeup/v_ApplyEyeMakeup_g18_c01/ 1 0
/ApplyEyeMakeup/v_ApplyEyeMakeup_g18_c01/ 17 0
/ApplyEyeMakeup/v_ApplyEyeMakeup_g18_c01/ 33 0
/ApplyEyeMakeup/v_ApplyEyeMakeup_g18_c01/ 49 0
/ApplyEyeMakeup/v_ApplyEyeMakeup_g18_c01/ 65 0
/ApplyEyeMakeup/v_ApplyEyeMakeup_g18_c01/ 81 0
/ApplyEyeMakeup/v_ApplyEyeMakeup_g18_c01/ 97 0
/ApplyEyeMakeup/v_ApplyEyeMakeup_g18_c01/ 113 0
/ApplyEyeMakeup/v_ApplyEyeMakeup_g18_c01/ 129 0
/ApplyEyeMakeup/v_ApplyEyeMakeup_g18_c01/ 145 0
/ApplyEyeMakeup/v_ApplyEyeMakeup_g18_c02/ 1 0
/ApplyEyeMakeup/v_ApplyEyeMakeup_g18_c02/ 17 0
/ApplyEyeMakeup/v_ApplyEyeMakeup_g18_c02/ 33 0
/ApplyEyeMakeup/v_ApplyEyeMakeup_g18_c02/ 49 0
/ApplyEyeMakeup/v_ApplyEyeMakeup_g18_c02/ 65 0
/ApplyEyeMakeup/v_ApplyEyeMakeup_g18_c02/ 81 0
/ApplyEyeMakeup/v_ApplyEyeMakeup_g18_c02/ 97 0
/ApplyEyeMakeup/v_ApplyEyeMakeup_g18_c02/ 113 0
/ApplyEyeMakeup/v_ApplyEyeMakeup_g18_c02/ 129 0
/ApplyEyeMakeup/v_ApplyEyeMakeup_g18_c02/ 145 0
/ApplyEyeMakeup/v_ApplyEyeMakeup_g18_c03/ 1 0
/ApplyEyeMakeup/v_ApplyEyeMakeup_g18_c03/ 17 0
/ApplyEyeMakeup/v_ApplyEyeMakeup_g18_c03/ 33 0
/ApplyEyeMakeup/v_ApplyEyeMakeup_g18_c03/ 49 0
/ApplyEyeMakeup/v_ApplyEyeMakeup_g18_c03/ 65 0
/ApplyEyeMakeup/v_ApplyEyeMakeup_g18_c03/ 81 0
/ApplyEyeMakeup/v_ApplyEyeMakeup_g18_c03/ 97 0
/ApplyEyeMakeup/v_ApplyEyeMakeup_g18_c03/ 113 0
/ApplyEyeMakeup/v_ApplyEyeMakeup_g18_c03/ 129 0
/ApplyEyeMakeup/v_ApplyEyeMakeup_g18_c04/ 1 0
/ApplyEyeMakeup/v_ApplyEyeMakeup_g18_c04/ 17 0
/ApplyEyeMakeup/v_ApplyEyeMakeup_g18_c04/ 33 0
/ApplyEyeMakeup/v_ApplyEyeMakeup_g18_c04/ 49 0
/ApplyEyeMakeup/v_ApplyEyeMakeup_g18_c04/ 65 0
/ApplyEyeMakeup/v_ApplyEyeMakeup_g18_c04/ 81 0
/ApplyEyeMakeup/v_ApplyEyeMakeup_g18_c04/ 97 0
/ApplyEyeMakeup/v_ApplyEyeMakeup_g18_c04/ 113 0
/ApplyEyeMakeup/v_ApplyEyeMakeup_g18_c04/ 129 0
/ApplyEyeMakeup/v_ApplyEyeMakeup_g18_c04/ 145 0
/ApplyEyeMakeup/v_ApplyEyeMakeup_g18_c04/ 161 0
/ApplyEyeMakeup/v_ApplyEyeMakeup_g18_c04/ 177 0
/ApplyEyeMakeup/v_ApplyEyeMakeup_g18_c04/ 193 0
/ApplyEyeMakeup/v_ApplyEyeMakeup_g18_c04/ 209 0
/ApplyEyeMakeup/v_ApplyEyeMakeup_g18_c05/ 1 0
/ApplyEyeMakeup/v_ApplyEyeMakeup_g18_c05/ 17 0
/ApplyEyeMakeup/v_ApplyEyeMakeup_g18_c05/ 33 0
/ApplyEyeMakeup/v_ApplyEyeMakeup_g18_c05/ 49 0
/ApplyEyeMakeup/v_ApplyEyeMakeup_g18_c05/ 65 0
/ApplyEyeMakeup/v_ApplyEyeMakeup_g18_c05/ 81 0
/ApplyEyeMakeup/v_ApplyEyeMakeup_g18_c05/ 97 0
/ApplyEyeMakeup/v_ApplyEyeMakeup_g18_c05/ 113 0
/ApplyEyeMakeup/v_ApplyEyeMakeup_g18_c05/ 129 0
/ApplyEyeMakeup/v_ApplyEyeMakeup_g18_c05/ 145 0
/ApplyEyeMakeup/v_ApplyEyeMakeup_g18_c05/ 161 0
/ApplyEyeMakeup/v_ApplyEyeMakeup_g19_c01/ 1 0
/ApplyEyeMakeup/v_ApplyEyeMakeup_g19_c01/ 17 0
/ApplyEyeMakeup/v_ApplyEyeMakeup_g19_c01/ 33 0
/ApplyEyeMakeup/v_ApplyEyeMakeup_g19_c01/ 49 0
/ApplyEyeMakeup/v_ApplyEyeMakeup_g19_c01/ 65 0
/ApplyEyeMakeup/v_ApplyEyeMakeup_g19_c01/ 81 0
/ApplyEyeMakeup/v_ApplyEyeMakeup_g19_c01/ 97 0
/ApplyEyeMakeup/v_ApplyEyeMakeup_g19_c01/ 113 0
/ApplyEyeMakeup/v_ApplyEyeMakeup_g19_c01/ 129 0
/ApplyEyeMakeup/v_ApplyEyeMakeup_g19_c01/ 145 0
/ApplyEyeMakeup/v_ApplyEyeMakeup_g19_c01/ 161 0
/ApplyEyeMakeup/v_ApplyEyeMakeup_g19_c02/ 1 0
/ApplyEyeMakeup/v_ApplyEyeMakeup_g19_c02/ 17 0
/ApplyEyeMakeup/v_ApplyEyeMakeup_g19_c02/ 33 0
/ApplyEyeMakeup/v_ApplyEyeMakeup_g19_c02/ 49 0
/ApplyEyeMakeup/v_ApplyEyeMakeup_g19_c02/ 65 0
/ApplyEyeMakeup/v_ApplyEyeMakeup_g19_c02/ 81 0
/ApplyEyeMakeup/v_ApplyEyeMakeup_g19_c02/ 97 0
/ApplyEyeMakeup/v_ApplyEyeMakeup_g19_c02/ 113 0
/ApplyEyeMakeup/v_ApplyEyeMakeup_g19_c02/ 129 0
/ApplyEyeMakeup/v_ApplyEyeMakeup_g19_c02/ 145 0
/ApplyEyeMakeup/v_ApplyEyeMakeup_g19_c02/ 161 0
/ApplyEyeMakeup/v_ApplyEyeMakeup_g19_c02/ 177 0
/ApplyEyeMakeup/v_ApplyEyeMakeup_g19_c02/ 193 0
/ApplyEyeMakeup/v_ApplyEyeMakeup_g19_c02/ 209 0
/ApplyEyeMakeup/v_ApplyEyeMakeup_g19_c02/ 225 0
/ApplyEyeMakeup/v_ApplyEyeMakeup_g19_c03/ 1 0
/ApplyEyeMakeup/v_ApplyEyeMakeup_g19_c03/ 17 0
/ApplyEyeMakeup/v_ApplyEyeMakeup_g19_c03/ 33 0
/ApplyEyeMakeup/v_ApplyEyeMakeup_g19_c03/ 49 0
/ApplyEyeMakeup/v_ApplyEyeMakeup_g19_c03/ 65 0
/ApplyEyeMakeup/v_ApplyEyeMakeup_g19_c03/ 81 0
/ApplyEyeMakeup/v_ApplyEyeMakeup_g19_c03/ 97 0
/ApplyEyeMakeup/v_ApplyEyeMakeup_g19_c04/ 1 0
/ApplyEyeMakeup/v_ApplyEyeMakeup_g19_c04/ 17 0
/ApplyEyeMakeup/v_ApplyEyeMakeup_g19_c04/ 33 0
/ApplyEyeMakeup/v_ApplyEyeMakeup_g19_c04/ 49 0
/ApplyEyeMakeup/v_ApplyEyeMakeup_g19_c04/ 65 0
/ApplyEyeMakeup/v_ApplyEyeMakeup_g19_c04/ 81 0
/ApplyEyeMakeup/v_ApplyEyeMakeup_g19_c04/ 97 0
/ApplyEyeMakeup/v_ApplyEyeMakeup_g19_c04/ 113 0
/ApplyEyeMakeup/v_ApplyEyeMakeup_g20_c01/ 1 0
/ApplyEyeMakeup/v_ApplyEyeMakeup_g20_c01/ 17 0
/ApplyEyeMakeup/v_ApplyEyeMakeup_g20_c01/ 33 0
/ApplyEyeMakeup/v_ApplyEyeMakeup_g20_c01/ 49 0
/ApplyEyeMakeup/v_ApplyEyeMakeup_g20_c01/ 65 0
/ApplyEyeMakeup/v_ApplyEyeMakeup_g20_c01/ 81 0
/ApplyEyeMakeup/v_ApplyEyeMakeup_g20_c01/ 97 0
/ApplyEyeMakeup/v_ApplyEyeMakeup_g20_c01/ 113 0
/ApplyEyeMakeup/v_ApplyEyeMakeup_g20_c01/ 129 0
/ApplyEyeMakeup/v_ApplyEyeMakeup_g20_c01/ 145 0
/ApplyEyeMakeup/v_ApplyEyeMakeup_g20_c01/ 161 0
/ApplyEyeMakeup/v_ApplyEyeMakeup_g20_c02/ 1 0
/ApplyEyeMakeup/v_ApplyEyeMakeup_g20_c02/ 17 0
/ApplyEyeMakeup/v_ApplyEyeMakeup_g20_c02/ 33 0
/ApplyEyeMakeup/v_ApplyEyeMakeup_g20_c02/ 49 0
/ApplyEyeMakeup/v_ApplyEyeMakeup_g20_c02/ 65 0
/ApplyEyeMakeup/v_ApplyEyeMakeup_g20_c02/ 81 0
/ApplyEyeMakeup/v_ApplyEyeMakeup_g20_c02/ 97 0
/ApplyEyeMakeup/v_ApplyEyeMakeup_g20_c02/ 113 0
/ApplyEyeMakeup/v_ApplyEyeMakeup_g20_c02/ 129 0
/ApplyEyeMakeup/v_ApplyEyeMakeup_g20_c03/ 1 0
/ApplyEyeMakeup/v_ApplyEyeMakeup_g20_c03/ 17 0
/ApplyEyeMakeup/v_ApplyEyeMakeup_g20_c03/ 33 0
/ApplyEyeMakeup/v_ApplyEyeMakeup_g20_c03/ 49 0
/ApplyEyeMakeup/v_ApplyEyeMakeup_g20_c03/ 65 0
/ApplyEyeMakeup/v_ApplyEyeMakeup_g20_c03/ 81 0
/ApplyEyeMakeup/v_ApplyEyeMakeup_g20_c03/ 97 0
/ApplyEyeMakeup/v_ApplyEyeMakeup_g20_c03/ 113 0
/ApplyEyeMakeup/v_ApplyEyeMakeup_g20_c04/ 1 0
/ApplyEyeMakeup/v_ApplyEyeMakeup_g20_c04/ 17 0
/ApplyEyeMakeup/v_ApplyEyeMakeup_g20_c04/ 33 0
/ApplyEyeMakeup/v_ApplyEyeMakeup_g20_c04/ 49 0
/ApplyEyeMakeup/v_ApplyEyeMakeup_g20_c04/ 65 0
/ApplyEyeMakeup/v_ApplyEyeMakeup_g20_c04/ 81 0
/ApplyEyeMakeup/v_ApplyEyeMakeup_g20_c04/ 97 0
/ApplyEyeMakeup/v_ApplyEyeMakeup_g20_c04/ 113 0
/ApplyEyeMakeup/v_ApplyEyeMakeup_g20_c04/ 129 0
/ApplyEyeMakeup/v_ApplyEyeMakeup_g20_c04/ 145 0
/ApplyEyeMakeup/v_ApplyEyeMakeup_g20_c04/ 161 0
/ApplyEyeMakeup/v_ApplyEyeMakeup_g20_c04/ 177 0
/ApplyEyeMakeup/v_ApplyEyeMakeup_g20_c04/ 193 0
/ApplyEyeMakeup/v_ApplyEyeMakeup_g20_c05/ 1 0
/ApplyEyeMakeup/v_ApplyEyeMakeup_g20_c05/ 17 0
/ApplyEyeMakeup/v_ApplyEyeMakeup_g20_c05/ 33 0
/ApplyEyeMakeup/v_ApplyEyeMakeup_g20_c05/ 49 0
/ApplyEyeMakeup/v_ApplyEyeMakeup_g20_c05/ 65 0
/ApplyEyeMakeup/v_ApplyEyeMakeup_g20_c05/ 81 0
/ApplyEyeMakeup/v_ApplyEyeMakeup_g20_c05/ 97 0
/ApplyEyeMakeup/v_ApplyEyeMakeup_g20_c06/ 1 0
/ApplyEyeMakeup/v_ApplyEyeMakeup_g20_c06/ 17 0
/ApplyEyeMakeup/v_ApplyEyeMakeup_g20_c06/ 33 0
/ApplyEyeMakeup/v_ApplyEyeMakeup_g20_c06/ 49 0
/ApplyEyeMakeup/v_ApplyEyeMakeup_g20_c06/ 65 0
/ApplyEyeMakeup/v_ApplyEyeMakeup_g20_c06/ 81 0
/ApplyEyeMakeup/v_ApplyEyeMakeup_g20_c06/ 97 0
/ApplyEyeMakeup/v_ApplyEyeMakeup_g20_c06/ 113 0
/ApplyEyeMakeup/v_ApplyEyeMakeup_g20_c06/ 129 0
/ApplyEyeMakeup/v_ApplyEyeMakeup_g20_c06/ 145 0
/ApplyEyeMakeup/v_ApplyEyeMakeup_g20_c06/ 161 0
/ApplyEyeMakeup/v_ApplyEyeMakeup_g21_c01/ 1 0
/ApplyEyeMakeup/v_ApplyEyeMakeup_g21_c01/ 17 0
/ApplyEyeMakeup/v_ApplyEyeMakeup_g21_c01/ 33 0
/ApplyEyeMakeup/v_ApplyEyeMakeup_g21_c01/ 49 0
/ApplyEyeMakeup/v_ApplyEyeMakeup_g21_c01/ 65 0
/ApplyEyeMakeup/v_ApplyEyeMakeup_g21_c01/ 81 0
/ApplyEyeMakeup/v_ApplyEyeMakeup_g21_c01/ 97 0
/ApplyEyeMakeup/v_ApplyEyeMakeup_g21_c01/ 113 0
/ApplyEyeMakeup/v_ApplyEyeMakeup_g21_c01/ 129 0
/ApplyEyeMakeup/v_ApplyEyeMakeup_g21_c01/ 145 0
/ApplyEyeMakeup/v_ApplyEyeMakeup_g21_c01/ 161 0
/ApplyEyeMakeup/v_ApplyEyeMakeup_g21_c02/ 1 0
/ApplyEyeMakeup/v_ApplyEyeMakeup_g21_c02/ 17 0
/ApplyEyeMakeup/v_ApplyEyeMakeup_g21_c02/ 33 0
/ApplyEyeMakeup/v_ApplyEyeMakeup_g21_c02/ 49 0
/ApplyEyeMakeup/v_ApplyEyeMakeup_g21_c02/ 65 0
/ApplyEyeMakeup/v_ApplyEyeMakeup_g21_c02/ 81 0
/ApplyEyeMakeup/v_ApplyEyeMakeup_g21_c03/ 1 0
/ApplyEyeMakeup/v_ApplyEyeMakeup_g21_c03/ 17 0
/ApplyEyeMakeup/v_ApplyEyeMakeup_g21_c03/ 33 0
/ApplyEyeMakeup/v_ApplyEyeMakeup_g21_c03/ 49 0
/ApplyEyeMakeup/v_ApplyEyeMakeup_g21_c03/ 65 0
/ApplyEyeMakeup/v_ApplyEyeMakeup_g21_c03/ 81 0
/ApplyEyeMakeup/v_ApplyEyeMakeup_g21_c03/ 97 0
/ApplyEyeMakeup/v_ApplyEyeMakeup_g21_c03/ 113 0
/ApplyEyeMakeup/v_ApplyEyeMakeup_g21_c04/ 1 0
/ApplyEyeMakeup/v_ApplyEyeMakeup_g21_c04/ 17 0
/ApplyEyeMakeup/v_ApplyEyeMakeup_g21_c04/ 33 0
/ApplyEyeMakeup/v_ApplyEyeMakeup_g21_c04/ 49 0
/ApplyEyeMakeup/v_ApplyEyeMakeup_g21_c04/ 65 0
/ApplyEyeMakeup/v_ApplyEyeMakeup_g21_c04/ 81 0
/ApplyEyeMakeup/v_ApplyEyeMakeup_g21_c04/ 97 0
/ApplyEyeMakeup/v_ApplyEyeMakeup_g21_c04/ 113 0
/ApplyEyeMakeup/v_ApplyEyeMakeup_g21_c04/ 129 0
/ApplyEyeMakeup/v_ApplyEyeMakeup_g21_c04/ 145 0
/ApplyEyeMakeup/v_ApplyEyeMakeup_g21_c04/ 161 0
/ApplyEyeMakeup/v_ApplyEyeMakeup_g21_c04/ 177 0
/ApplyEyeMakeup/v_ApplyEyeMakeup_g21_c04/ 193 0
/ApplyEyeMakeup/v_ApplyEyeMakeup_g21_c04/ 209 0
/ApplyEyeMakeup/v_ApplyEyeMakeup_g21_c05/ 1 0
/ApplyEyeMakeup/v_ApplyEyeMakeup_g21_c05/ 17 0
/ApplyEyeMakeup/v_ApplyEyeMakeup_g21_c05/ 33 0
/ApplyEyeMakeup/v_ApplyEyeMakeup_g21_c05/ 49 0
/ApplyEyeMakeup/v_ApplyEyeMakeup_g21_c05/ 65 0
/ApplyEyeMakeup/v_ApplyEyeMakeup_g22_c01/ 1 0
/ApplyEyeMakeup/v_ApplyEyeMakeup_g22_c01/ 17 0
/ApplyEyeMakeup/v_ApplyEyeMakeup_g22_c01/ 33 0
/ApplyEyeMakeup/v_ApplyEyeMakeup_g22_c01/ 49 0
/ApplyEyeMakeup/v_ApplyEyeMakeup_g22_c01/ 65 0
/ApplyEyeMakeup/v_ApplyEyeMakeup_g22_c01/ 81 0
/ApplyEyeMakeup/v_ApplyEyeMakeup_g22_c01/ 97 0
/ApplyEyeMakeup/v_ApplyEyeMakeup_g22_c01/ 113 0
/ApplyEyeMakeup/v_ApplyEyeMakeup_g22_c01/ 129 0
/ApplyEyeMakeup/v_ApplyEyeMakeup_g22_c01/ 145 0
/ApplyEyeMakeup/v_ApplyEyeMakeup_g22_c02/ 1 0
/ApplyEyeMakeup/v_ApplyEyeMakeup_g22_c02/ 17 0
/ApplyEyeMakeup/v_ApplyEyeMakeup_g22_c02/ 33 0
/ApplyEyeMakeup/v_ApplyEyeMakeup_g22_c02/ 49 0
/ApplyEyeMakeup/v_ApplyEyeMakeup_g22_c02/ 65 0
/ApplyEyeMakeup/v_ApplyEyeMakeup_g22_c02/ 81 0
/ApplyEyeMakeup/v_ApplyEyeMakeup_g22_c02/ 97 0
/ApplyEyeMakeup/v_ApplyEyeMakeup_g22_c02/ 113 0
/ApplyEyeMakeup/v_ApplyEyeMakeup_g22_c02/ 129 0
/ApplyEyeMakeup/v_ApplyEyeMakeup_g22_c02/ 145 0
/ApplyEyeMakeup/v_ApplyEyeMakeup_g22_c02/ 161 0
/ApplyEyeMakeup/v_ApplyEyeMakeup_g22_c02/ 177 0
/ApplyEyeMakeup/v_ApplyEyeMakeup_g22_c02/ 193 0
/ApplyEyeMakeup/v_ApplyEyeMakeup_g22_c02/ 209 0
/ApplyEyeMakeup/v_ApplyEyeMakeup_g22_c02/ 225 0
/ApplyEyeMakeup/v_ApplyEyeMakeup_g22_c02/ 241 0
/ApplyEyeMakeup/v_ApplyEyeMakeup_g22_c03/ 1 0
/ApplyEyeMakeup/v_ApplyEyeMakeup_g22_c03/ 17 0
/ApplyEyeMakeup/v_ApplyEyeMakeup_g22_c03/ 33 0
/ApplyEyeMakeup/v_ApplyEyeMakeup_g22_c03/ 49 0
/ApplyEyeMakeup/v_ApplyEyeMakeup_g22_c03/ 65 0
/ApplyEyeMakeup/v_ApplyEyeMakeup_g22_c03/ 81 0
/ApplyEyeMakeup/v_ApplyEyeMakeup_g22_c03/ 97 0
/ApplyEyeMakeup/v_ApplyEyeMakeup_g22_c03/ 113 0
/ApplyEyeMakeup/v_ApplyEyeMakeup_g22_c03/ 129 0
/ApplyEyeMakeup/v_ApplyEyeMakeup_g22_c04/ 1 0
/ApplyEyeMakeup/v_ApplyEyeMakeup_g22_c04/ 17 0
/ApplyEyeMakeup/v_ApplyEyeMakeup_g22_c04/ 33 0
/ApplyEyeMakeup/v_ApplyEyeMakeup_g22_c04/ 49 0
/ApplyEyeMakeup/v_ApplyEyeMakeup_g22_c04/ 65 0
/ApplyEyeMakeup/v_ApplyEyeMakeup_g22_c04/ 81 0
/ApplyEyeMakeup/v_ApplyEyeMakeup_g22_c04/ 97 0
/ApplyEyeMakeup/v_ApplyEyeMakeup_g22_c04/ 113 0
/ApplyEyeMakeup/v_ApplyEyeMakeup_g22_c04/ 129 0
/ApplyEyeMakeup/v_ApplyEyeMakeup_g22_c04/ 145 0
/ApplyEyeMakeup/v_ApplyEyeMakeup_g22_c04/ 161 0
/ApplyEyeMakeup/v_ApplyEyeMakeup_g22_c04/ 177 0
/ApplyEyeMakeup/v_ApplyEyeMakeup_g22_c04/ 193 0
/ApplyEyeMakeup/v_ApplyEyeMakeup_g22_c05/ 1 0
/ApplyEyeMakeup/v_ApplyEyeMakeup_g22_c05/ 17 0
/ApplyEyeMakeup/v_ApplyEyeMakeup_g22_c05/ 33 0
/ApplyEyeMakeup/v_ApplyEyeMakeup_g22_c05/ 49 0
/ApplyEyeMakeup/v_ApplyEyeMakeup_g22_c05/ 65 0
/ApplyEyeMakeup/v_ApplyEyeMakeup_g22_c05/ 81 0
/ApplyEyeMakeup/v_ApplyEyeMakeup_g22_c05/ 97 0
/ApplyEyeMakeup/v_ApplyEyeMakeup_g22_c05/ 113 0
/ApplyEyeMakeup/v_ApplyEyeMakeup_g22_c05/ 129 0
/ApplyEyeMakeup/v_ApplyEyeMakeup_g22_c05/ 145 0
/ApplyEyeMakeup/v_ApplyEyeMakeup_g22_c05/ 161 0
/ApplyEyeMakeup/v_ApplyEyeMakeup_g22_c05/ 177 0
/ApplyEyeMakeup/v_ApplyEyeMakeup_g22_c05/ 193 0
/ApplyEyeMakeup/v_ApplyEyeMakeup_g22_c05/ 209 0
/ApplyEyeMakeup/v_ApplyEyeMakeup_g22_c05/ 225 0
/ApplyEyeMakeup/v_ApplyEyeMakeup_g23_c01/ 1 0
/ApplyEyeMakeup/v_ApplyEyeMakeup_g23_c01/ 17 0
/ApplyEyeMakeup/v_ApplyEyeMakeup_g23_c01/ 33 0
/ApplyEyeMakeup/v_ApplyEyeMakeup_g23_c01/ 49 0
/ApplyEyeMakeup/v_ApplyEyeMakeup_g23_c01/ 65 0
/ApplyEyeMakeup/v_ApplyEyeMakeup_g23_c01/ 81 0
/ApplyEyeMakeup/v_ApplyEyeMakeup_g23_c01/ 97 0
/ApplyEyeMakeup/v_ApplyEyeMakeup_g23_c01/ 113 0
/ApplyEyeMakeup/v_ApplyEyeMakeup_g23_c02/ 1 0
/ApplyEyeMakeup/v_ApplyEyeMakeup_g23_c02/ 17 0
/ApplyEyeMakeup/v_ApplyEyeMakeup_g23_c02/ 33 0
/ApplyEyeMakeup/v_ApplyEyeMakeup_g23_c02/ 49 0
/ApplyEyeMakeup/v_ApplyEyeMakeup_g23_c02/ 65 0
/ApplyEyeMakeup/v_ApplyEyeMakeup_g23_c02/ 81 0
/ApplyEyeMakeup/v_ApplyEyeMakeup_g23_c02/ 97 0
/ApplyEyeMakeup/v_ApplyEyeMakeup_g23_c02/ 113 0
/ApplyEyeMakeup/v_ApplyEyeMakeup_g23_c03/ 1 0
/ApplyEyeMakeup/v_ApplyEyeMakeup_g23_c03/ 17 0
/ApplyEyeMakeup/v_ApplyEyeMakeup_g23_c03/ 33 0
/ApplyEyeMakeup/v_ApplyEyeMakeup_g23_c03/ 49 0
/ApplyEyeMakeup/v_ApplyEyeMakeup_g23_c03/ 65 0
/ApplyEyeMakeup/v_ApplyEyeMakeup_g23_c03/ 81 0
/ApplyEyeMakeup/v_ApplyEyeMakeup_g23_c03/ 97 0
/ApplyEyeMakeup/v_ApplyEyeMakeup_g23_c04/ 1 0
/ApplyEyeMakeup/v_ApplyEyeMakeup_g23_c04/ 17 0
/ApplyEyeMakeup/v_ApplyEyeMakeup_g23_c04/ 33 0
/ApplyEyeMakeup/v_ApplyEyeMakeup_g23_c04/ 49 0
/ApplyEyeMakeup/v_ApplyEyeMakeup_g23_c04/ 65 0
/ApplyEyeMakeup/v_ApplyEyeMakeup_g23_c04/ 81 0
/ApplyEyeMakeup/v_ApplyEyeMakeup_g23_c04/ 97 0
/ApplyEyeMakeup/v_ApplyEyeMakeup_g23_c04/ 113 0
/ApplyEyeMakeup/v_ApplyEyeMakeup_g23_c04/ 129 0
/ApplyEyeMakeup/v_ApplyEyeMakeup_g23_c04/ 145 0
/ApplyEyeMakeup/v_ApplyEyeMakeup_g23_c04/ 161 0
/ApplyEyeMakeup/v_ApplyEyeMakeup_g23_c04/ 177 0
/ApplyEyeMakeup/v_ApplyEyeMakeup_g23_c05/ 1 0
/ApplyEyeMakeup/v_ApplyEyeMakeup_g23_c05/ 17 0
/ApplyEyeMakeup/v_ApplyEyeMakeup_g23_c05/ 33 0
/ApplyEyeMakeup/v_ApplyEyeMakeup_g23_c05/ 49 0
/ApplyEyeMakeup/v_ApplyEyeMakeup_g23_c05/ 65 0
/ApplyEyeMakeup/v_ApplyEyeMakeup_g23_c05/ 81 0
/ApplyEyeMakeup/v_ApplyEyeMakeup_g23_c05/ 97 0
/ApplyEyeMakeup/v_ApplyEyeMakeup_g23_c05/ 113 0
/ApplyEyeMakeup/v_ApplyEyeMakeup_g23_c05/ 129 0
/ApplyEyeMakeup/v_ApplyEyeMakeup_g23_c05/ 145 0
/ApplyEyeMakeup/v_ApplyEyeMakeup_g23_c05/ 161 0
/ApplyEyeMakeup/v_ApplyEyeMakeup_g23_c05/ 177 0
/ApplyEyeMakeup/v_ApplyEyeMakeup_g23_c06/ 1 0
/ApplyEyeMakeup/v_ApplyEyeMakeup_g23_c06/ 17 0
/ApplyEyeMakeup/v_ApplyEyeMakeup_g23_c06/ 33 0
/ApplyEyeMakeup/v_ApplyEyeMakeup_g23_c06/ 49 0
/ApplyEyeMakeup/v_ApplyEyeMakeup_g23_c06/ 65 0
/ApplyEyeMakeup/v_ApplyEyeMakeup_g23_c06/ 81 0
/ApplyEyeMakeup/v_ApplyEyeMakeup_g23_c06/ 97 0
/ApplyEyeMakeup/v_ApplyEyeMakeup_g23_c06/ 113 0
/ApplyEyeMakeup/v_ApplyEyeMakeup_g24_c01/ 1 0
/ApplyEyeMakeup/v_ApplyEyeMakeup_g24_c01/ 17 0
/ApplyEyeMakeup/v_ApplyEyeMakeup_g24_c01/ 33 0
/ApplyEyeMakeup/v_ApplyEyeMakeup_g24_c01/ 49 0
/ApplyEyeMakeup/v_ApplyEyeMakeup_g24_c01/ 65 0
/ApplyEyeMakeup/v_ApplyEyeMakeup_g24_c01/ 81 0
/ApplyEyeMakeup/v_ApplyEyeMakeup_g24_c01/ 97 0
/ApplyEyeMakeup/v_ApplyEyeMakeup_g24_c01/ 113 0
/ApplyEyeMakeup/v_ApplyEyeMakeup_g24_c01/ 129 0
/ApplyEyeMakeup/v_ApplyEyeMakeup_g24_c01/ 145 0
/ApplyEyeMakeup/v_ApplyEyeMakeup_g24_c01/ 161 0
/ApplyEyeMakeup/v_ApplyEyeMakeup_g24_c01/ 177 0
/ApplyEyeMakeup/v_ApplyEyeMakeup_g24_c01/ 193 0
/ApplyEyeMakeup/v_ApplyEyeMakeup_g24_c01/ 209 0
/ApplyEyeMakeup/v_ApplyEyeMakeup_g24_c01/ 225 0
/ApplyEyeMakeup/v_ApplyEyeMakeup_g24_c01/ 241 0
/ApplyEyeMakeup/v_ApplyEyeMakeup_g24_c02/ 1 0
/ApplyEyeMakeup/v_ApplyEyeMakeup_g24_c02/ 17 0
/ApplyEyeMakeup/v_ApplyEyeMakeup_g24_c02/ 33 0
/ApplyEyeMakeup/v_ApplyEyeMakeup_g24_c02/ 49 0
/ApplyEyeMakeup/v_ApplyEyeMakeup_g24_c02/ 65 0
/ApplyEyeMakeup/v_ApplyEyeMakeup_g24_c02/ 81 0
/ApplyEyeMakeup/v_ApplyEyeMakeup_g24_c03/ 1 0
/ApplyEyeMakeup/v_ApplyEyeMakeup_g24_c03/ 17 0
/ApplyEyeMakeup/v_ApplyEyeMakeup_g24_c03/ 33 0
/ApplyEyeMakeup/v_ApplyEyeMakeup_g24_c03/ 49 0
/ApplyEyeMakeup/v_ApplyEyeMakeup_g24_c03/ 65 0
/ApplyEyeMakeup/v_ApplyEyeMakeup_g24_c03/ 81 0
/ApplyEyeMakeup/v_ApplyEyeMakeup_g24_c04/ 1 0
/ApplyEyeMakeup/v_ApplyEyeMakeup_g24_c04/ 17 0
/ApplyEyeMakeup/v_ApplyEyeMakeup_g24_c04/ 33 0
/ApplyEyeMakeup/v_ApplyEyeMakeup_g24_c04/ 49 0
/ApplyEyeMakeup/v_ApplyEyeMakeup_g24_c04/ 65 0
/ApplyEyeMakeup/v_ApplyEyeMakeup_g24_c04/ 81 0
/ApplyEyeMakeup/v_ApplyEyeMakeup_g24_c04/ 97 0
/ApplyEyeMakeup/v_ApplyEyeMakeup_g24_c04/ 113 0
/ApplyEyeMakeup/v_ApplyEyeMakeup_g24_c04/ 129 0
/ApplyEyeMakeup/v_ApplyEyeMakeup_g24_c04/ 145 0
/ApplyEyeMakeup/v_ApplyEyeMakeup_g24_c04/ 161 0
/ApplyEyeMakeup/v_ApplyEyeMakeup_g24_c04/ 177 0
/ApplyEyeMakeup/v_ApplyEyeMakeup_g24_c04/ 193 0
/ApplyEyeMakeup/v_ApplyEyeMakeup_g24_c05/ 1 0
/ApplyEyeMakeup/v_ApplyEyeMakeup_g24_c05/ 17 0
/ApplyEyeMakeup/v_ApplyEyeMakeup_g24_c05/ 33 0
/ApplyEyeMakeup/v_ApplyEyeMakeup_g24_c05/ 49 0
/ApplyEyeMakeup/v_ApplyEyeMakeup_g24_c05/ 65 0
/ApplyEyeMakeup/v_ApplyEyeMakeup_g24_c05/ 81 0
/ApplyEyeMakeup/v_ApplyEyeMakeup_g24_c05/ 97 0
/ApplyEyeMakeup/v_ApplyEyeMakeup_g24_c05/ 113 0
/ApplyEyeMakeup/v_ApplyEyeMakeup_g24_c05/ 129 0
/ApplyEyeMakeup/v_ApplyEyeMakeup_g24_c05/ 145 0
/ApplyEyeMakeup/v_ApplyEyeMakeup_g24_c05/ 161 0
/ApplyEyeMakeup/v_ApplyEyeMakeup_g24_c05/ 177 0
/ApplyEyeMakeup/v_ApplyEyeMakeup_g24_c06/ 1 0
/ApplyEyeMakeup/v_ApplyEyeMakeup_g24_c06/ 17 0
/ApplyEyeMakeup/v_ApplyEyeMakeup_g24_c06/ 33 0
/ApplyEyeMakeup/v_ApplyEyeMakeup_g24_c06/ 49 0
/ApplyEyeMakeup/v_ApplyEyeMakeup_g24_c06/ 65 0
/ApplyEyeMakeup/v_ApplyEyeMakeup_g24_c06/ 81 0
/ApplyEyeMakeup/v_ApplyEyeMakeup_g24_c06/ 97 0
/ApplyEyeMakeup/v_ApplyEyeMakeup_g24_c06/ 113 0
/ApplyEyeMakeup/v_ApplyEyeMakeup_g24_c06/ 129 0
/ApplyEyeMakeup/v_ApplyEyeMakeup_g24_c06/ 145 0
/ApplyEyeMakeup/v_ApplyEyeMakeup_g24_c06/ 161 0
/ApplyEyeMakeup/v_ApplyEyeMakeup_g24_c06/ 177 0
/ApplyEyeMakeup/v_ApplyEyeMakeup_g24_c06/ 193 0
/ApplyEyeMakeup/v_ApplyEyeMakeup_g24_c07/ 1 0
/ApplyEyeMakeup/v_ApplyEyeMakeup_g24_c07/ 17 0
/ApplyEyeMakeup/v_ApplyEyeMakeup_g24_c07/ 33 0
/ApplyEyeMakeup/v_ApplyEyeMakeup_g24_c07/ 49 0
/ApplyEyeMakeup/v_ApplyEyeMakeup_g24_c07/ 65 0
/ApplyEyeMakeup/v_ApplyEyeMakeup_g24_c07/ 81 0
/ApplyEyeMakeup/v_ApplyEyeMakeup_g24_c07/ 97 0
/ApplyEyeMakeup/v_ApplyEyeMakeup_g24_c07/ 113 0
/ApplyEyeMakeup/v_ApplyEyeMakeup_g24_c07/ 129 0
/ApplyEyeMakeup/v_ApplyEyeMakeup_g24_c07/ 145 0
/ApplyEyeMakeup/v_ApplyEyeMakeup_g24_c07/ 161 0
/ApplyEyeMakeup/v_ApplyEyeMakeup_g24_c07/ 177 0
/ApplyEyeMakeup/v_ApplyEyeMakeup_g25_c01/ 1 0
/ApplyEyeMakeup/v_ApplyEyeMakeup_g25_c01/ 17 0
/ApplyEyeMakeup/v_ApplyEyeMakeup_g25_c01/ 33 0
/ApplyEyeMakeup/v_ApplyEyeMakeup_g25_c01/ 49 0
/ApplyEyeMakeup/v_ApplyEyeMakeup_g25_c01/ 65 0
/ApplyEyeMakeup/v_ApplyEyeMakeup_g25_c01/ 81 0
/ApplyEyeMakeup/v_ApplyEyeMakeup_g25_c01/ 97 0
/ApplyEyeMakeup/v_ApplyEyeMakeup_g25_c01/ 113 0
/ApplyEyeMakeup/v_ApplyEyeMakeup_g25_c01/ 129 0
/ApplyEyeMakeup/v_ApplyEyeMakeup_g25_c01/ 145 0
/ApplyEyeMakeup/v_ApplyEyeMakeup_g25_c01/ 161 0
/ApplyEyeMakeup/v_ApplyEyeMakeup_g25_c01/ 177 0
/ApplyEyeMakeup/v_ApplyEyeMakeup_g25_c01/ 193 0
/ApplyEyeMakeup/v_ApplyEyeMakeup_g25_c01/ 209 0
/ApplyEyeMakeup/v_ApplyEyeMakeup_g25_c01/ 225 0
/ApplyEyeMakeup/v_ApplyEyeMakeup_g25_c02/ 1 0
/ApplyEyeMakeup/v_ApplyEyeMakeup_g25_c02/ 17 0
/ApplyEyeMakeup/v_ApplyEyeMakeup_g25_c02/ 33 0
/ApplyEyeMakeup/v_ApplyEyeMakeup_g25_c02/ 49 0
/ApplyEyeMakeup/v_ApplyEyeMakeup_g25_c02/ 65 0
/ApplyEyeMakeup/v_ApplyEyeMakeup_g25_c02/ 81 0
/ApplyEyeMakeup/v_ApplyEyeMakeup_g25_c02/ 97 0
/ApplyEyeMakeup/v_ApplyEyeMakeup_g25_c02/ 113 0
/ApplyEyeMakeup/v_ApplyEyeMakeup_g25_c03/ 1 0
/ApplyEyeMakeup/v_ApplyEyeMakeup_g25_c03/ 17 0
/ApplyEyeMakeup/v_ApplyEyeMakeup_g25_c03/ 33 0
/ApplyEyeMakeup/v_ApplyEyeMakeup_g25_c03/ 49 0
/ApplyEyeMakeup/v_ApplyEyeMakeup_g25_c03/ 65 0
/ApplyEyeMakeup/v_ApplyEyeMakeup_g25_c03/ 81 0
/ApplyEyeMakeup/v_ApplyEyeMakeup_g25_c03/ 97 0
/ApplyEyeMakeup/v_ApplyEyeMakeup_g25_c04/ 1 0
/ApplyEyeMakeup/v_ApplyEyeMakeup_g25_c04/ 17 0
/ApplyEyeMakeup/v_ApplyEyeMakeup_g25_c04/ 33 0
/ApplyEyeMakeup/v_ApplyEyeMakeup_g25_c04/ 49 0
/ApplyEyeMakeup/v_ApplyEyeMakeup_g25_c04/ 65 0
/ApplyEyeMakeup/v_ApplyEyeMakeup_g25_c04/ 81 0
/ApplyEyeMakeup/v_ApplyEyeMakeup_g25_c04/ 97 0
/ApplyEyeMakeup/v_ApplyEyeMakeup_g25_c04/ 113 0
/ApplyEyeMakeup/v_ApplyEyeMakeup_g25_c04/ 129 0
/ApplyEyeMakeup/v_ApplyEyeMakeup_g25_c04/ 145 0
/ApplyEyeMakeup/v_ApplyEyeMakeup_g25_c04/ 161 0
/ApplyEyeMakeup/v_ApplyEyeMakeup_g25_c05/ 1 0
/ApplyEyeMakeup/v_ApplyEyeMakeup_g25_c05/ 17 0
/ApplyEyeMakeup/v_ApplyEyeMakeup_g25_c05/ 33 0
/ApplyEyeMakeup/v_ApplyEyeMakeup_g25_c05/ 49 0
/ApplyEyeMakeup/v_ApplyEyeMakeup_g25_c05/ 65 0
/ApplyEyeMakeup/v_ApplyEyeMakeup_g25_c06/ 1 0
/ApplyEyeMakeup/v_ApplyEyeMakeup_g25_c06/ 17 0
/ApplyEyeMakeup/v_ApplyEyeMakeup_g25_c06/ 33 0
/ApplyEyeMakeup/v_ApplyEyeMakeup_g25_c06/ 49 0
/ApplyEyeMakeup/v_ApplyEyeMakeup_g25_c06/ 65 0
/ApplyEyeMakeup/v_ApplyEyeMakeup_g25_c06/ 81 0
/ApplyEyeMakeup/v_ApplyEyeMakeup_g25_c07/ 1 0
/ApplyEyeMakeup/v_ApplyEyeMakeup_g25_c07/ 17 0
/ApplyEyeMakeup/v_ApplyEyeMakeup_g25_c07/ 33 0
/ApplyEyeMakeup/v_ApplyEyeMakeup_g25_c07/ 49 0
/ApplyEyeMakeup/v_ApplyEyeMakeup_g25_c07/ 65 0
/ApplyEyeMakeup/v_ApplyEyeMakeup_g25_c07/ 81 0
/ApplyEyeMakeup/v_ApplyEyeMakeup_g25_c07/ 97 0
/ApplyEyeMakeup/v_ApplyEyeMakeup_g25_c07/ 113 0
/ApplyEyeMakeup/v_ApplyEyeMakeup_g25_c07/ 129 0
/ApplyLipstick/v_ApplyLipstick_g08_c01/ 1 1
/ApplyLipstick/v_ApplyLipstick_g08_c01/ 17 1
/ApplyLipstick/v_ApplyLipstick_g08_c01/ 33 1
/ApplyLipstick/v_ApplyLipstick_g08_c01/ 49 1
/ApplyLipstick/v_ApplyLipstick_g08_c01/ 65 1
/ApplyLipstick/v_ApplyLipstick_g08_c01/ 81 1
/ApplyLipstick/v_ApplyLipstick_g08_c01/ 97 1
/ApplyLipstick/v_ApplyLipstick_g08_c01/ 113 1
/ApplyLipstick/v_ApplyLipstick_g08_c01/ 129 1
/ApplyLipstick/v_ApplyLipstick_g08_c01/ 145 1
/ApplyLipstick/v_ApplyLipstick_g08_c01/ 161 1
/ApplyLipstick/v_ApplyLipstick_g08_c02/ 1 1
/ApplyLipstick/v_ApplyLipstick_g08_c02/ 17 1
/ApplyLipstick/v_ApplyLipstick_g08_c02/ 33 1
/ApplyLipstick/v_ApplyLipstick_g08_c02/ 49 1
/ApplyLipstick/v_ApplyLipstick_g08_c02/ 65 1
/ApplyLipstick/v_ApplyLipstick_g08_c02/ 81 1
/ApplyLipstick/v_ApplyLipstick_g08_c02/ 97 1
/ApplyLipstick/v_ApplyLipstick_g08_c02/ 113 1
/ApplyLipstick/v_ApplyLipstick_g08_c02/ 129 1
/ApplyLipstick/v_ApplyLipstick_g08_c02/ 145 1
/ApplyLipstick/v_ApplyLipstick_g08_c02/ 161 1
/ApplyLipstick/v_ApplyLipstick_g08_c02/ 177 1
/ApplyLipstick/v_ApplyLipstick_g08_c02/ 193 1
/ApplyLipstick/v_ApplyLipstick_g08_c03/ 1 1
/ApplyLipstick/v_ApplyLipstick_g08_c03/ 17 1
/ApplyLipstick/v_ApplyLipstick_g08_c03/ 33 1
/ApplyLipstick/v_ApplyLipstick_g08_c03/ 49 1
/ApplyLipstick/v_ApplyLipstick_g08_c03/ 65 1
/ApplyLipstick/v_ApplyLipstick_g08_c03/ 81 1
/ApplyLipstick/v_ApplyLipstick_g08_c03/ 97 1
/ApplyLipstick/v_ApplyLipstick_g08_c03/ 113 1
/ApplyLipstick/v_ApplyLipstick_g08_c03/ 129 1
/ApplyLipstick/v_ApplyLipstick_g08_c03/ 145 1
/ApplyLipstick/v_ApplyLipstick_g08_c03/ 161 1
/ApplyLipstick/v_ApplyLipstick_g08_c03/ 177 1
/ApplyLipstick/v_ApplyLipstick_g08_c03/ 193 1
/ApplyLipstick/v_ApplyLipstick_g08_c03/ 209 1
/ApplyLipstick/v_ApplyLipstick_g08_c03/ 225 1
/ApplyLipstick/v_ApplyLipstick_g08_c03/ 241 1
/ApplyLipstick/v_ApplyLipstick_g08_c04/ 1 1
/ApplyLipstick/v_ApplyLipstick_g08_c04/ 17 1
/ApplyLipstick/v_ApplyLipstick_g08_c04/ 33 1
/ApplyLipstick/v_ApplyLipstick_g08_c04/ 49 1
/ApplyLipstick/v_ApplyLipstick_g08_c04/ 65 1
/ApplyLipstick/v_ApplyLipstick_g08_c04/ 81 1
/ApplyLipstick/v_ApplyLipstick_g08_c04/ 97 1
/ApplyLipstick/v_ApplyLipstick_g08_c04/ 113 1
/ApplyLipstick/v_ApplyLipstick_g08_c04/ 129 1
/ApplyLipstick/v_ApplyLipstick_g08_c04/ 145 1
/ApplyLipstick/v_ApplyLipstick_g08_c04/ 161 1
/ApplyLipstick/v_ApplyLipstick_g08_c04/ 177 1
/ApplyLipstick/v_ApplyLipstick_g08_c04/ 193 1
/ApplyLipstick/v_ApplyLipstick_g08_c04/ 209 1
/ApplyLipstick/v_ApplyLipstick_g08_c04/ 225 1
/ApplyLipstick/v_ApplyLipstick_g08_c04/ 241 1
/ApplyLipstick/v_ApplyLipstick_g08_c04/ 257 1
/ApplyLipstick/v_ApplyLipstick_g08_c04/ 273 1
/ApplyLipstick/v_ApplyLipstick_g08_c04/ 289 1
/ApplyLipstick/v_ApplyLipstick_g09_c01/ 1 1
/ApplyLipstick/v_ApplyLipstick_g09_c01/ 17 1
/ApplyLipstick/v_ApplyLipstick_g09_c01/ 33 1
/ApplyLipstick/v_ApplyLipstick_g09_c01/ 49 1
/ApplyLipstick/v_ApplyLipstick_g09_c01/ 65 1
/ApplyLipstick/v_ApplyLipstick_g09_c01/ 81 1
/ApplyLipstick/v_ApplyLipstick_g09_c02/ 1 1
/ApplyLipstick/v_ApplyLipstick_g09_c02/ 17 1
/ApplyLipstick/v_ApplyLipstick_g09_c02/ 33 1
/ApplyLipstick/v_ApplyLipstick_g09_c02/ 49 1
/ApplyLipstick/v_ApplyLipstick_g09_c02/ 65 1
/ApplyLipstick/v_ApplyLipstick_g09_c02/ 81 1
/ApplyLipstick/v_ApplyLipstick_g09_c02/ 97 1
/ApplyLipstick/v_ApplyLipstick_g09_c02/ 113 1
/ApplyLipstick/v_ApplyLipstick_g09_c02/ 129 1
/ApplyLipstick/v_ApplyLipstick_g09_c02/ 145 1
/ApplyLipstick/v_ApplyLipstick_g09_c02/ 161 1
/ApplyLipstick/v_ApplyLipstick_g09_c02/ 177 1
/ApplyLipstick/v_ApplyLipstick_g09_c02/ 193 1
/ApplyLipstick/v_ApplyLipstick_g09_c02/ 209 1
/ApplyLipstick/v_ApplyLipstick_g09_c02/ 225 1
/ApplyLipstick/v_ApplyLipstick_g09_c03/ 1 1
/ApplyLipstick/v_ApplyLipstick_g09_c03/ 17 1
/ApplyLipstick/v_ApplyLipstick_g09_c03/ 33 1
/ApplyLipstick/v_ApplyLipstick_g09_c03/ 49 1
/ApplyLipstick/v_ApplyLipstick_g09_c03/ 65 1
/ApplyLipstick/v_ApplyLipstick_g09_c03/ 81 1
/ApplyLipstick/v_ApplyLipstick_g09_c03/ 97 1
/ApplyLipstick/v_ApplyLipstick_g09_c03/ 113 1
/ApplyLipstick/v_ApplyLipstick_g09_c03/ 129 1
/ApplyLipstick/v_ApplyLipstick_g09_c03/ 145 1
/ApplyLipstick/v_ApplyLipstick_g09_c03/ 161 1
/ApplyLipstick/v_ApplyLipstick_g09_c03/ 177 1
/ApplyLipstick/v_ApplyLipstick_g09_c03/ 193 1
/ApplyLipstick/v_ApplyLipstick_g09_c03/ 209 1
/ApplyLipstick/v_ApplyLipstick_g09_c03/ 225 1
/ApplyLipstick/v_ApplyLipstick_g09_c04/ 1 1
/ApplyLipstick/v_ApplyLipstick_g09_c04/ 17 1
/ApplyLipstick/v_ApplyLipstick_g09_c04/ 33 1
/ApplyLipstick/v_ApplyLipstick_g09_c04/ 49 1
/ApplyLipstick/v_ApplyLipstick_g09_c04/ 65 1
/ApplyLipstick/v_ApplyLipstick_g09_c04/ 81 1
/ApplyLipstick/v_ApplyLipstick_g09_c04/ 97 1
/ApplyLipstick/v_ApplyLipstick_g09_c04/ 113 1
/ApplyLipstick/v_ApplyLipstick_g09_c04/ 129 1
/ApplyLipstick/v_ApplyLipstick_g09_c04/ 145 1
/ApplyLipstick/v_ApplyLipstick_g09_c04/ 161 1
/ApplyLipstick/v_ApplyLipstick_g09_c04/ 177 1
/ApplyLipstick/v_ApplyLipstick_g09_c04/ 193 1
/ApplyLipstick/v_ApplyLipstick_g10_c01/ 1 1
/ApplyLipstick/v_ApplyLipstick_g10_c01/ 17 1
/ApplyLipstick/v_ApplyLipstick_g10_c01/ 33 1
/ApplyLipstick/v_ApplyLipstick_g10_c01/ 49 1
/ApplyLipstick/v_ApplyLipstick_g10_c01/ 65 1
/ApplyLipstick/v_ApplyLipstick_g10_c01/ 81 1
/ApplyLipstick/v_ApplyLipstick_g10_c02/ 1 1
/ApplyLipstick/v_ApplyLipstick_g10_c02/ 17 1
/ApplyLipstick/v_ApplyLipstick_g10_c02/ 33 1
/ApplyLipstick/v_ApplyLipstick_g10_c02/ 49 1
/ApplyLipstick/v_ApplyLipstick_g10_c02/ 65 1
/ApplyLipstick/v_ApplyLipstick_g10_c02/ 81 1
/ApplyLipstick/v_ApplyLipstick_g10_c02/ 97 1
/ApplyLipstick/v_ApplyLipstick_g10_c02/ 113 1
/ApplyLipstick/v_ApplyLipstick_g10_c03/ 1 1
/ApplyLipstick/v_ApplyLipstick_g10_c03/ 17 1
/ApplyLipstick/v_ApplyLipstick_g10_c03/ 33 1
/ApplyLipstick/v_ApplyLipstick_g10_c03/ 49 1
/ApplyLipstick/v_ApplyLipstick_g10_c03/ 65 1
/ApplyLipstick/v_ApplyLipstick_g10_c03/ 81 1
/ApplyLipstick/v_ApplyLipstick_g10_c03/ 97 1
/ApplyLipstick/v_ApplyLipstick_g10_c04/ 1 1
/ApplyLipstick/v_ApplyLipstick_g10_c04/ 17 1
/ApplyLipstick/v_ApplyLipstick_g10_c04/ 33 1
/ApplyLipstick/v_ApplyLipstick_g10_c04/ 49 1
/ApplyLipstick/v_ApplyLipstick_g10_c04/ 65 1
/ApplyLipstick/v_ApplyLipstick_g10_c04/ 81 1
/ApplyLipstick/v_ApplyLipstick_g10_c04/ 97 1
/ApplyLipstick/v_ApplyLipstick_g10_c04/ 113 1
/ApplyLipstick/v_ApplyLipstick_g10_c04/ 129 1
/ApplyLipstick/v_ApplyLipstick_g10_c04/ 145 1
/ApplyLipstick/v_ApplyLipstick_g10_c04/ 161 1
/ApplyLipstick/v_ApplyLipstick_g10_c04/ 177 1
/ApplyLipstick/v_ApplyLipstick_g10_c04/ 193 1
/ApplyLipstick/v_ApplyLipstick_g10_c04/ 209 1
/ApplyLipstick/v_ApplyLipstick_g10_c04/ 225 1
/ApplyLipstick/v_ApplyLipstick_g11_c01/ 1 1
/ApplyLipstick/v_ApplyLipstick_g11_c01/ 17 1
/ApplyLipstick/v_ApplyLipstick_g11_c01/ 33 1
/ApplyLipstick/v_ApplyLipstick_g11_c01/ 49 1
/ApplyLipstick/v_ApplyLipstick_g11_c01/ 65 1
/ApplyLipstick/v_ApplyLipstick_g11_c01/ 81 1
/ApplyLipstick/v_ApplyLipstick_g11_c01/ 97 1
/ApplyLipstick/v_ApplyLipstick_g11_c01/ 113 1
/ApplyLipstick/v_ApplyLipstick_g11_c01/ 129 1
/ApplyLipstick/v_ApplyLipstick_g11_c02/ 1 1
/ApplyLipstick/v_ApplyLipstick_g11_c02/ 17 1
/ApplyLipstick/v_ApplyLipstick_g11_c02/ 33 1
/ApplyLipstick/v_ApplyLipstick_g11_c02/ 49 1
/ApplyLipstick/v_ApplyLipstick_g11_c02/ 65 1
/ApplyLipstick/v_ApplyLipstick_g11_c02/ 81 1
/ApplyLipstick/v_ApplyLipstick_g11_c02/ 97 1
/ApplyLipstick/v_ApplyLipstick_g11_c02/ 113 1
/ApplyLipstick/v_ApplyLipstick_g11_c02/ 129 1
/ApplyLipstick/v_ApplyLipstick_g11_c02/ 145 1
/ApplyLipstick/v_ApplyLipstick_g11_c02/ 161 1
/ApplyLipstick/v_ApplyLipstick_g11_c02/ 177 1
/ApplyLipstick/v_ApplyLipstick_g11_c03/ 1 1
/ApplyLipstick/v_ApplyLipstick_g11_c03/ 17 1
/ApplyLipstick/v_ApplyLipstick_g11_c03/ 33 1
/ApplyLipstick/v_ApplyLipstick_g11_c03/ 49 1
/ApplyLipstick/v_ApplyLipstick_g11_c03/ 65 1
/ApplyLipstick/v_ApplyLipstick_g11_c03/ 81 1
/ApplyLipstick/v_ApplyLipstick_g11_c04/ 1 1
/ApplyLipstick/v_ApplyLipstick_g11_c04/ 17 1
/ApplyLipstick/v_ApplyLipstick_g11_c04/ 33 1
/ApplyLipstick/v_ApplyLipstick_g11_c04/ 49 1
/ApplyLipstick/v_ApplyLipstick_g11_c04/ 65 1
/ApplyLipstick/v_ApplyLipstick_g11_c04/ 81 1
/ApplyLipstick/v_ApplyLipstick_g11_c04/ 97 1
/ApplyLipstick/v_ApplyLipstick_g11_c04/ 113 1
/ApplyLipstick/v_ApplyLipstick_g11_c04/ 129 1
/ApplyLipstick/v_ApplyLipstick_g12_c01/ 1 1
/ApplyLipstick/v_ApplyLipstick_g12_c01/ 17 1
/ApplyLipstick/v_ApplyLipstick_g12_c01/ 33 1
/ApplyLipstick/v_ApplyLipstick_g12_c01/ 49 1
/ApplyLipstick/v_ApplyLipstick_g12_c01/ 65 1
/ApplyLipstick/v_ApplyLipstick_g12_c01/ 81 1
/ApplyLipstick/v_ApplyLipstick_g12_c01/ 97 1
/ApplyLipstick/v_ApplyLipstick_g12_c01/ 113 1
/ApplyLipstick/v_ApplyLipstick_g12_c01/ 129 1
/ApplyLipstick/v_ApplyLipstick_g12_c01/ 145 1
/ApplyLipstick/v_ApplyLipstick_g12_c01/ 161 1
/ApplyLipstick/v_ApplyLipstick_g12_c01/ 177 1
/ApplyLipstick/v_ApplyLipstick_g12_c02/ 1 1
/ApplyLipstick/v_ApplyLipstick_g12_c02/ 17 1
/ApplyLipstick/v_ApplyLipstick_g12_c02/ 33 1
/ApplyLipstick/v_ApplyLipstick_g12_c02/ 49 1
/ApplyLipstick/v_ApplyLipstick_g12_c02/ 65 1
/ApplyLipstick/v_ApplyLipstick_g12_c02/ 81 1
/ApplyLipstick/v_ApplyLipstick_g12_c03/ 1 1
/ApplyLipstick/v_ApplyLipstick_g12_c03/ 17 1
/ApplyLipstick/v_ApplyLipstick_g12_c03/ 33 1
/ApplyLipstick/v_ApplyLipstick_g12_c03/ 49 1
/ApplyLipstick/v_ApplyLipstick_g12_c03/ 65 1
/ApplyLipstick/v_ApplyLipstick_g12_c03/ 81 1
/ApplyLipstick/v_ApplyLipstick_g12_c03/ 97 1
/ApplyLipstick/v_ApplyLipstick_g12_c03/ 113 1
/ApplyLipstick/v_ApplyLipstick_g12_c04/ 1 1
/ApplyLipstick/v_ApplyLipstick_g12_c04/ 17 1
/ApplyLipstick/v_ApplyLipstick_g12_c04/ 33 1
/ApplyLipstick/v_ApplyLipstick_g12_c04/ 49 1
/ApplyLipstick/v_ApplyLipstick_g12_c04/ 65 1
/ApplyLipstick/v_ApplyLipstick_g12_c04/ 81 1
/ApplyLipstick/v_ApplyLipstick_g12_c04/ 97 1
/ApplyLipstick/v_ApplyLipstick_g12_c04/ 113 1
/ApplyLipstick/v_ApplyLipstick_g12_c04/ 129 1
/ApplyLipstick/v_ApplyLipstick_g12_c04/ 145 1
/ApplyLipstick/v_ApplyLipstick_g12_c04/ 161 1
/ApplyLipstick/v_ApplyLipstick_g12_c04/ 177 1
/ApplyLipstick/v_ApplyLipstick_g12_c04/ 193 1
/ApplyLipstick/v_ApplyLipstick_g12_c04/ 209 1
/ApplyLipstick/v_ApplyLipstick_g12_c04/ 225 1
/ApplyLipstick/v_ApplyLipstick_g12_c04/ 241 1
/ApplyLipstick/v_ApplyLipstick_g12_c04/ 257 1
/ApplyLipstick/v_ApplyLipstick_g12_c05/ 1 1
/ApplyLipstick/v_ApplyLipstick_g12_c05/ 17 1
/ApplyLipstick/v_ApplyLipstick_g12_c05/ 33 1
/ApplyLipstick/v_ApplyLipstick_g12_c05/ 49 1
/ApplyLipstick/v_ApplyLipstick_g12_c05/ 65 1
/ApplyLipstick/v_ApplyLipstick_g12_c05/ 81 1
/ApplyLipstick/v_ApplyLipstick_g12_c05/ 97 1
/ApplyLipstick/v_ApplyLipstick_g12_c05/ 113 1
/ApplyLipstick/v_ApplyLipstick_g12_c05/ 129 1
/ApplyLipstick/v_ApplyLipstick_g12_c05/ 145 1
/ApplyLipstick/v_ApplyLipstick_g12_c05/ 161 1
/ApplyLipstick/v_ApplyLipstick_g13_c01/ 1 1
/ApplyLipstick/v_ApplyLipstick_g13_c01/ 17 1
/ApplyLipstick/v_ApplyLipstick_g13_c01/ 33 1
/ApplyLipstick/v_ApplyLipstick_g13_c01/ 49 1
/ApplyLipstick/v_ApplyLipstick_g13_c01/ 65 1
/ApplyLipstick/v_ApplyLipstick_g13_c01/ 81 1
/ApplyLipstick/v_ApplyLipstick_g13_c01/ 97 1
/ApplyLipstick/v_ApplyLipstick_g13_c01/ 113 1
/ApplyLipstick/v_ApplyLipstick_g13_c01/ 129 1
/ApplyLipstick/v_ApplyLipstick_g13_c01/ 145 1
/ApplyLipstick/v_ApplyLipstick_g13_c01/ 161 1
/ApplyLipstick/v_ApplyLipstick_g13_c01/ 177 1
/ApplyLipstick/v_ApplyLipstick_g13_c01/ 193 1
/ApplyLipstick/v_ApplyLipstick_g13_c02/ 1 1
/ApplyLipstick/v_ApplyLipstick_g13_c02/ 17 1
/ApplyLipstick/v_ApplyLipstick_g13_c02/ 33 1
/ApplyLipstick/v_ApplyLipstick_g13_c02/ 49 1
/ApplyLipstick/v_ApplyLipstick_g13_c02/ 65 1
/ApplyLipstick/v_ApplyLipstick_g13_c02/ 81 1
/ApplyLipstick/v_ApplyLipstick_g13_c02/ 97 1
/ApplyLipstick/v_ApplyLipstick_g13_c02/ 113 1
/ApplyLipstick/v_ApplyLipstick_g13_c02/ 129 1
/ApplyLipstick/v_ApplyLipstick_g13_c03/ 1 1
/ApplyLipstick/v_ApplyLipstick_g13_c03/ 17 1
/ApplyLipstick/v_ApplyLipstick_g13_c03/ 33 1
/ApplyLipstick/v_ApplyLipstick_g13_c03/ 49 1
/ApplyLipstick/v_ApplyLipstick_g13_c03/ 65 1
/ApplyLipstick/v_ApplyLipstick_g13_c03/ 81 1
/ApplyLipstick/v_ApplyLipstick_g13_c03/ 97 1
/ApplyLipstick/v_ApplyLipstick_g13_c03/ 113 1
/ApplyLipstick/v_ApplyLipstick_g13_c03/ 129 1
/ApplyLipstick/v_ApplyLipstick_g13_c03/ 145 1
/ApplyLipstick/v_ApplyLipstick_g13_c04/ 1 1
/ApplyLipstick/v_ApplyLipstick_g13_c04/ 17 1
/ApplyLipstick/v_ApplyLipstick_g13_c04/ 33 1
/ApplyLipstick/v_ApplyLipstick_g13_c04/ 49 1
/ApplyLipstick/v_ApplyLipstick_g13_c04/ 65 1
/ApplyLipstick/v_ApplyLipstick_g13_c04/ 81 1
/ApplyLipstick/v_ApplyLipstick_g13_c04/ 97 1
/ApplyLipstick/v_ApplyLipstick_g13_c04/ 113 1
/ApplyLipstick/v_ApplyLipstick_g13_c04/ 129 1
/ApplyLipstick/v_ApplyLipstick_g13_c04/ 145 1
/ApplyLipstick/v_ApplyLipstick_g13_c04/ 161 1
/ApplyLipstick/v_ApplyLipstick_g13_c04/ 177 1
/ApplyLipstick/v_ApplyLipstick_g13_c04/ 193 1
/ApplyLipstick/v_ApplyLipstick_g14_c01/ 1 1
/ApplyLipstick/v_ApplyLipstick_g14_c01/ 17 1
/ApplyLipstick/v_ApplyLipstick_g14_c01/ 33 1
/ApplyLipstick/v_ApplyLipstick_g14_c01/ 49 1
/ApplyLipstick/v_ApplyLipstick_g14_c01/ 65 1
/ApplyLipstick/v_ApplyLipstick_g14_c01/ 81 1
/ApplyLipstick/v_ApplyLipstick_g14_c01/ 97 1
/ApplyLipstick/v_ApplyLipstick_g14_c01/ 113 1
/ApplyLipstick/v_ApplyLipstick_g14_c01/ 129 1
/ApplyLipstick/v_ApplyLipstick_g14_c01/ 145 1
/ApplyLipstick/v_ApplyLipstick_g14_c01/ 161 1
/ApplyLipstick/v_ApplyLipstick_g14_c02/ 1 1
/ApplyLipstick/v_ApplyLipstick_g14_c02/ 17 1
/ApplyLipstick/v_ApplyLipstick_g14_c02/ 33 1
/ApplyLipstick/v_ApplyLipstick_g14_c02/ 49 1
/ApplyLipstick/v_ApplyLipstick_g14_c02/ 65 1
/ApplyLipstick/v_ApplyLipstick_g14_c02/ 81 1
/ApplyLipstick/v_ApplyLipstick_g14_c02/ 97 1
/ApplyLipstick/v_ApplyLipstick_g14_c02/ 113 1
/ApplyLipstick/v_ApplyLipstick_g14_c02/ 129 1
/ApplyLipstick/v_ApplyLipstick_g14_c02/ 145 1
/ApplyLipstick/v_ApplyLipstick_g14_c02/ 161 1
/ApplyLipstick/v_ApplyLipstick_g14_c03/ 1 1
/ApplyLipstick/v_ApplyLipstick_g14_c03/ 17 1
/ApplyLipstick/v_ApplyLipstick_g14_c03/ 33 1
/ApplyLipstick/v_ApplyLipstick_g14_c03/ 49 1
/ApplyLipstick/v_ApplyLipstick_g14_c03/ 65 1
/ApplyLipstick/v_ApplyLipstick_g14_c03/ 81 1
/ApplyLipstick/v_ApplyLipstick_g14_c03/ 97 1
/ApplyLipstick/v_ApplyLipstick_g14_c03/ 113 1
/ApplyLipstick/v_ApplyLipstick_g14_c03/ 129 1
/ApplyLipstick/v_ApplyLipstick_g14_c03/ 145 1
/ApplyLipstick/v_ApplyLipstick_g14_c04/ 1 1
/ApplyLipstick/v_ApplyLipstick_g14_c04/ 17 1
/ApplyLipstick/v_ApplyLipstick_g14_c04/ 33 1
/ApplyLipstick/v_ApplyLipstick_g14_c04/ 49 1
/ApplyLipstick/v_ApplyLipstick_g14_c04/ 65 1
/ApplyLipstick/v_ApplyLipstick_g14_c04/ 81 1
/ApplyLipstick/v_ApplyLipstick_g15_c01/ 1 1
/ApplyLipstick/v_ApplyLipstick_g15_c01/ 17 1
/ApplyLipstick/v_ApplyLipstick_g15_c01/ 33 1
/ApplyLipstick/v_ApplyLipstick_g15_c01/ 49 1
/ApplyLipstick/v_ApplyLipstick_g15_c01/ 65 1
/ApplyLipstick/v_ApplyLipstick_g15_c01/ 81 1
/ApplyLipstick/v_ApplyLipstick_g15_c01/ 97 1
/ApplyLipstick/v_ApplyLipstick_g15_c01/ 113 1
/ApplyLipstick/v_ApplyLipstick_g15_c01/ 129 1
/ApplyLipstick/v_ApplyLipstick_g15_c01/ 145 1
/ApplyLipstick/v_ApplyLipstick_g15_c02/ 1 1
/ApplyLipstick/v_ApplyLipstick_g15_c02/ 17 1
/ApplyLipstick/v_ApplyLipstick_g15_c02/ 33 1
/ApplyLipstick/v_ApplyLipstick_g15_c02/ 49 1
/ApplyLipstick/v_ApplyLipstick_g15_c02/ 65 1
/ApplyLipstick/v_ApplyLipstick_g15_c02/ 81 1
/ApplyLipstick/v_ApplyLipstick_g15_c02/ 97 1
/ApplyLipstick/v_ApplyLipstick_g15_c02/ 113 1
/ApplyLipstick/v_ApplyLipstick_g15_c03/ 1 1
/ApplyLipstick/v_ApplyLipstick_g15_c03/ 17 1
/ApplyLipstick/v_ApplyLipstick_g15_c03/ 33 1
/ApplyLipstick/v_ApplyLipstick_g15_c03/ 49 1
/ApplyLipstick/v_ApplyLipstick_g15_c03/ 65 1
/ApplyLipstick/v_ApplyLipstick_g15_c03/ 81 1
/ApplyLipstick/v_ApplyLipstick_g15_c03/ 97 1
/ApplyLipstick/v_ApplyLipstick_g15_c03/ 113 1
/ApplyLipstick/v_ApplyLipstick_g15_c04/ 1 1
/ApplyLipstick/v_ApplyLipstick_g15_c04/ 17 1
/ApplyLipstick/v_ApplyLipstick_g15_c04/ 33 1
/ApplyLipstick/v_ApplyLipstick_g15_c04/ 49 1
/ApplyLipstick/v_ApplyLipstick_g15_c04/ 65 1
/ApplyLipstick/v_ApplyLipstick_g15_c04/ 81 1
/ApplyLipstick/v_ApplyLipstick_g15_c04/ 97 1
/ApplyLipstick/v_ApplyLipstick_g15_c04/ 113 1
/ApplyLipstick/v_ApplyLipstick_g15_c04/ 129 1
/ApplyLipstick/v_ApplyLipstick_g15_c05/ 1 1
/ApplyLipstick/v_ApplyLipstick_g15_c05/ 17 1
/ApplyLipstick/v_ApplyLipstick_g15_c05/ 33 1
/ApplyLipstick/v_ApplyLipstick_g15_c05/ 49 1
/ApplyLipstick/v_ApplyLipstick_g15_c05/ 65 1
/ApplyLipstick/v_ApplyLipstick_g15_c05/ 81 1
/ApplyLipstick/v_ApplyLipstick_g15_c05/ 97 1
/ApplyLipstick/v_ApplyLipstick_g15_c05/ 113 1
/ApplyLipstick/v_ApplyLipstick_g16_c01/ 1 1
/ApplyLipstick/v_ApplyLipstick_g16_c01/ 17 1
/ApplyLipstick/v_ApplyLipstick_g16_c01/ 33 1
/ApplyLipstick/v_ApplyLipstick_g16_c01/ 49 1
/ApplyLipstick/v_ApplyLipstick_g16_c01/ 65 1
/ApplyLipstick/v_ApplyLipstick_g16_c01/ 81 1
/ApplyLipstick/v_ApplyLipstick_g16_c01/ 97 1
/ApplyLipstick/v_ApplyLipstick_g16_c01/ 113 1
/ApplyLipstick/v_ApplyLipstick_g16_c02/ 1 1
/ApplyLipstick/v_ApplyLipstick_g16_c02/ 17 1
/ApplyLipstick/v_ApplyLipstick_g16_c02/ 33 1
/ApplyLipstick/v_ApplyLipstick_g16_c02/ 49 1
/ApplyLipstick/v_ApplyLipstick_g16_c02/ 65 1
/ApplyLipstick/v_ApplyLipstick_g16_c02/ 81 1
/ApplyLipstick/v_ApplyLipstick_g16_c02/ 97 1
/ApplyLipstick/v_ApplyLipstick_g16_c02/ 113 1
/ApplyLipstick/v_ApplyLipstick_g16_c02/ 129 1
/ApplyLipstick/v_ApplyLipstick_g16_c02/ 145 1
/ApplyLipstick/v_ApplyLipstick_g16_c03/ 1 1
/ApplyLipstick/v_ApplyLipstick_g16_c03/ 17 1
/ApplyLipstick/v_ApplyLipstick_g16_c03/ 33 1
/ApplyLipstick/v_ApplyLipstick_g16_c03/ 49 1
/ApplyLipstick/v_ApplyLipstick_g16_c03/ 65 1
/ApplyLipstick/v_ApplyLipstick_g16_c03/ 81 1
/ApplyLipstick/v_ApplyLipstick_g16_c03/ 97 1
/ApplyLipstick/v_ApplyLipstick_g16_c03/ 113 1
/ApplyLipstick/v_ApplyLipstick_g16_c03/ 129 1
/ApplyLipstick/v_ApplyLipstick_g16_c04/ 1 1
/ApplyLipstick/v_ApplyLipstick_g16_c04/ 17 1
/ApplyLipstick/v_ApplyLipstick_g16_c04/ 33 1
/ApplyLipstick/v_ApplyLipstick_g16_c04/ 49 1
/ApplyLipstick/v_ApplyLipstick_g16_c04/ 65 1
/ApplyLipstick/v_ApplyLipstick_g16_c04/ 81 1
/ApplyLipstick/v_ApplyLipstick_g16_c04/ 97 1
/ApplyLipstick/v_ApplyLipstick_g16_c04/ 113 1
/ApplyLipstick/v_ApplyLipstick_g16_c04/ 129 1
/ApplyLipstick/v_ApplyLipstick_g16_c04/ 145 1
/ApplyLipstick/v_ApplyLipstick_g16_c05/ 1 1
/ApplyLipstick/v_ApplyLipstick_g16_c05/ 17 1
/ApplyLipstick/v_ApplyLipstick_g16_c05/ 33 1
/ApplyLipstick/v_ApplyLipstick_g16_c05/ 49 1
/ApplyLipstick/v_ApplyLipstick_g16_c05/ 65 1
/ApplyLipstick/v_ApplyLipstick_g16_c05/ 81 1
/ApplyLipstick/v_ApplyLipstick_g16_c05/ 97 1
/ApplyLipstick/v_ApplyLipstick_g16_c05/ 113 1
/ApplyLipstick/v_ApplyLipstick_g16_c05/ 129 1
/ApplyLipstick/v_ApplyLipstick_g17_c01/ 1 1
/ApplyLipstick/v_ApplyLipstick_g17_c01/ 17 1
/ApplyLipstick/v_ApplyLipstick_g17_c01/ 33 1
/ApplyLipstick/v_ApplyLipstick_g17_c01/ 49 1
/ApplyLipstick/v_ApplyLipstick_g17_c01/ 65 1
/ApplyLipstick/v_ApplyLipstick_g17_c01/ 81 1
/ApplyLipstick/v_ApplyLipstick_g17_c01/ 97 1
/ApplyLipstick/v_ApplyLipstick_g17_c01/ 113 1
/ApplyLipstick/v_ApplyLipstick_g17_c01/ 129 1
/ApplyLipstick/v_ApplyLipstick_g17_c01/ 145 1
/ApplyLipstick/v_ApplyLipstick_g17_c02/ 1 1
/ApplyLipstick/v_ApplyLipstick_g17_c02/ 17 1
/ApplyLipstick/v_ApplyLipstick_g17_c02/ 33 1
/ApplyLipstick/v_ApplyLipstick_g17_c02/ 49 1
/ApplyLipstick/v_ApplyLipstick_g17_c02/ 65 1
/ApplyLipstick/v_ApplyLipstick_g17_c02/ 81 1
/ApplyLipstick/v_ApplyLipstick_g17_c02/ 97 1
/ApplyLipstick/v_ApplyLipstick_g17_c02/ 113 1
/ApplyLipstick/v_ApplyLipstick_g17_c02/ 129 1
/ApplyLipstick/v_ApplyLipstick_g17_c03/ 1 1
/ApplyLipstick/v_ApplyLipstick_g17_c03/ 17 1
/ApplyLipstick/v_ApplyLipstick_g17_c03/ 33 1
/ApplyLipstick/v_ApplyLipstick_g17_c03/ 49 1
/ApplyLipstick/v_ApplyLipstick_g17_c03/ 65 1
/ApplyLipstick/v_ApplyLipstick_g17_c03/ 81 1
/ApplyLipstick/v_ApplyLipstick_g17_c03/ 97 1
/ApplyLipstick/v_ApplyLipstick_g17_c03/ 113 1
/ApplyLipstick/v_ApplyLipstick_g17_c04/ 1 1
/ApplyLipstick/v_ApplyLipstick_g17_c04/ 17 1
/ApplyLipstick/v_ApplyLipstick_g17_c04/ 33 1
/ApplyLipstick/v_ApplyLipstick_g17_c04/ 49 1
/ApplyLipstick/v_ApplyLipstick_g17_c04/ 65 1
/ApplyLipstick/v_ApplyLipstick_g17_c04/ 81 1
/ApplyLipstick/v_ApplyLipstick_g17_c04/ 97 1
/ApplyLipstick/v_ApplyLipstick_g17_c05/ 1 1
/ApplyLipstick/v_ApplyLipstick_g17_c05/ 17 1
/ApplyLipstick/v_ApplyLipstick_g17_c05/ 33 1
/ApplyLipstick/v_ApplyLipstick_g17_c05/ 49 1
/ApplyLipstick/v_ApplyLipstick_g17_c05/ 65 1
/ApplyLipstick/v_ApplyLipstick_g17_c05/ 81 1
/ApplyLipstick/v_ApplyLipstick_g17_c05/ 97 1
/ApplyLipstick/v_ApplyLipstick_g17_c05/ 113 1
/ApplyLipstick/v_ApplyLipstick_g18_c01/ 1 1
/ApplyLipstick/v_ApplyLipstick_g18_c01/ 17 1
/ApplyLipstick/v_ApplyLipstick_g18_c01/ 33 1
/ApplyLipstick/v_ApplyLipstick_g18_c01/ 49 1
/ApplyLipstick/v_ApplyLipstick_g18_c01/ 65 1
/ApplyLipstick/v_ApplyLipstick_g18_c01/ 81 1
/ApplyLipstick/v_ApplyLipstick_g18_c02/ 1 1
/ApplyLipstick/v_ApplyLipstick_g18_c02/ 17 1
/ApplyLipstick/v_ApplyLipstick_g18_c02/ 33 1
/ApplyLipstick/v_ApplyLipstick_g18_c02/ 49 1
/ApplyLipstick/v_ApplyLipstick_g18_c02/ 65 1
/ApplyLipstick/v_ApplyLipstick_g18_c02/ 81 1
/ApplyLipstick/v_ApplyLipstick_g18_c02/ 97 1
/ApplyLipstick/v_ApplyLipstick_g18_c02/ 113 1
/ApplyLipstick/v_ApplyLipstick_g18_c03/ 1 1
/ApplyLipstick/v_ApplyLipstick_g18_c03/ 17 1
/ApplyLipstick/v_ApplyLipstick_g18_c03/ 33 1
/ApplyLipstick/v_ApplyLipstick_g18_c03/ 49 1
/ApplyLipstick/v_ApplyLipstick_g18_c03/ 65 1
/ApplyLipstick/v_ApplyLipstick_g18_c03/ 81 1
/ApplyLipstick/v_ApplyLipstick_g18_c03/ 97 1
/ApplyLipstick/v_ApplyLipstick_g18_c03/ 113 1
/ApplyLipstick/v_ApplyLipstick_g18_c04/ 1 1
/ApplyLipstick/v_ApplyLipstick_g18_c04/ 17 1
/ApplyLipstick/v_ApplyLipstick_g18_c04/ 33 1
/ApplyLipstick/v_ApplyLipstick_g18_c04/ 49 1
/ApplyLipstick/v_ApplyLipstick_g18_c04/ 65 1
/ApplyLipstick/v_ApplyLipstick_g18_c04/ 81 1
/ApplyLipstick/v_ApplyLipstick_g18_c04/ 97 1
/ApplyLipstick/v_ApplyLipstick_g19_c01/ 1 1
/ApplyLipstick/v_ApplyLipstick_g19_c01/ 17 1
/ApplyLipstick/v_ApplyLipstick_g19_c01/ 33 1
/ApplyLipstick/v_ApplyLipstick_g19_c01/ 49 1
/ApplyLipstick/v_ApplyLipstick_g19_c01/ 65 1
/ApplyLipstick/v_ApplyLipstick_g19_c01/ 81 1
/ApplyLipstick/v_ApplyLipstick_g19_c01/ 97 1
/ApplyLipstick/v_ApplyLipstick_g19_c01/ 113 1
/ApplyLipstick/v_ApplyLipstick_g19_c01/ 129 1
/ApplyLipstick/v_ApplyLipstick_g19_c01/ 145 1
/ApplyLipstick/v_ApplyLipstick_g19_c01/ 161 1
/ApplyLipstick/v_ApplyLipstick_g19_c02/ 1 1
/ApplyLipstick/v_ApplyLipstick_g19_c02/ 17 1
/ApplyLipstick/v_ApplyLipstick_g19_c02/ 33 1
/ApplyLipstick/v_ApplyLipstick_g19_c02/ 49 1
/ApplyLipstick/v_ApplyLipstick_g19_c02/ 65 1
/ApplyLipstick/v_ApplyLipstick_g19_c02/ 81 1
/ApplyLipstick/v_ApplyLipstick_g19_c02/ 97 1
/ApplyLipstick/v_ApplyLipstick_g19_c03/ 1 1
/ApplyLipstick/v_ApplyLipstick_g19_c03/ 17 1
/ApplyLipstick/v_ApplyLipstick_g19_c03/ 33 1
/ApplyLipstick/v_ApplyLipstick_g19_c03/ 49 1
/ApplyLipstick/v_ApplyLipstick_g19_c03/ 65 1
/ApplyLipstick/v_ApplyLipstick_g19_c03/ 81 1
/ApplyLipstick/v_ApplyLipstick_g19_c03/ 97 1
/ApplyLipstick/v_ApplyLipstick_g19_c03/ 113 1
/ApplyLipstick/v_ApplyLipstick_g19_c03/ 129 1
/ApplyLipstick/v_ApplyLipstick_g19_c04/ 1 1
/ApplyLipstick/v_ApplyLipstick_g19_c04/ 17 1
/ApplyLipstick/v_ApplyLipstick_g19_c04/ 33 1
/ApplyLipstick/v_ApplyLipstick_g19_c04/ 49 1
/ApplyLipstick/v_ApplyLipstick_g19_c04/ 65 1
/ApplyLipstick/v_ApplyLipstick_g19_c04/ 81 1
/ApplyLipstick/v_ApplyLipstick_g19_c04/ 97 1
/ApplyLipstick/v_ApplyLipstick_g19_c04/ 113 1
/ApplyLipstick/v_ApplyLipstick_g19_c04/ 129 1
/ApplyLipstick/v_ApplyLipstick_g20_c01/ 1 1
/ApplyLipstick/v_ApplyLipstick_g20_c01/ 17 1
/ApplyLipstick/v_ApplyLipstick_g20_c01/ 33 1
/ApplyLipstick/v_ApplyLipstick_g20_c01/ 49 1
/ApplyLipstick/v_ApplyLipstick_g20_c01/ 65 1
/ApplyLipstick/v_ApplyLipstick_g20_c01/ 81 1
/ApplyLipstick/v_ApplyLipstick_g20_c02/ 1 1
/ApplyLipstick/v_ApplyLipstick_g20_c02/ 17 1
/ApplyLipstick/v_ApplyLipstick_g20_c02/ 33 1
/ApplyLipstick/v_ApplyLipstick_g20_c02/ 49 1
/ApplyLipstick/v_ApplyLipstick_g20_c02/ 65 1
/ApplyLipstick/v_ApplyLipstick_g20_c02/ 81 1
/ApplyLipstick/v_ApplyLipstick_g20_c03/ 1 1
/ApplyLipstick/v_ApplyLipstick_g20_c03/ 17 1
/ApplyLipstick/v_ApplyLipstick_g20_c03/ 33 1
/ApplyLipstick/v_ApplyLipstick_g20_c03/ 49 1
/ApplyLipstick/v_ApplyLipstick_g20_c03/ 65 1
/ApplyLipstick/v_ApplyLipstick_g20_c03/ 81 1
/ApplyLipstick/v_ApplyLipstick_g20_c03/ 97 1
/ApplyLipstick/v_ApplyLipstick_g20_c03/ 113 1
/ApplyLipstick/v_ApplyLipstick_g20_c03/ 129 1
/ApplyLipstick/v_ApplyLipstick_g20_c03/ 145 1
/ApplyLipstick/v_ApplyLipstick_g20_c03/ 161 1
/ApplyLipstick/v_ApplyLipstick_g20_c03/ 177 1
/ApplyLipstick/v_ApplyLipstick_g20_c04/ 1 1
/ApplyLipstick/v_ApplyLipstick_g20_c04/ 17 1
/ApplyLipstick/v_ApplyLipstick_g20_c04/ 33 1
/ApplyLipstick/v_ApplyLipstick_g20_c04/ 49 1
/ApplyLipstick/v_ApplyLipstick_g20_c04/ 65 1
/ApplyLipstick/v_ApplyLipstick_g20_c04/ 81 1
/ApplyLipstick/v_ApplyLipstick_g20_c04/ 97 1
/ApplyLipstick/v_ApplyLipstick_g20_c04/ 113 1
/ApplyLipstick/v_ApplyLipstick_g20_c05/ 1 1
/ApplyLipstick/v_ApplyLipstick_g20_c05/ 17 1
/ApplyLipstick/v_ApplyLipstick_g20_c05/ 33 1
/ApplyLipstick/v_ApplyLipstick_g20_c05/ 49 1
/ApplyLipstick/v_ApplyLipstick_g20_c05/ 65 1
/ApplyLipstick/v_ApplyLipstick_g21_c01/ 1 1
/ApplyLipstick/v_ApplyLipstick_g21_c01/ 17 1
/ApplyLipstick/v_ApplyLipstick_g21_c01/ 33 1
/ApplyLipstick/v_ApplyLipstick_g21_c01/ 49 1
/ApplyLipstick/v_ApplyLipstick_g21_c01/ 65 1
/ApplyLipstick/v_ApplyLipstick_g21_c02/ 1 1
/ApplyLipstick/v_ApplyLipstick_g21_c02/ 17 1
/ApplyLipstick/v_ApplyLipstick_g21_c02/ 33 1
/ApplyLipstick/v_ApplyLipstick_g21_c02/ 49 1
/ApplyLipstick/v_ApplyLipstick_g21_c02/ 65 1
/ApplyLipstick/v_ApplyLipstick_g21_c02/ 81 1
/ApplyLipstick/v_ApplyLipstick_g21_c02/ 97 1
/ApplyLipstick/v_ApplyLipstick_g21_c02/ 113 1
/ApplyLipstick/v_ApplyLipstick_g21_c02/ 129 1
/ApplyLipstick/v_ApplyLipstick_g21_c03/ 1 1
/ApplyLipstick/v_ApplyLipstick_g21_c03/ 17 1
/ApplyLipstick/v_ApplyLipstick_g21_c03/ 33 1
/ApplyLipstick/v_ApplyLipstick_g21_c03/ 49 1
/ApplyLipstick/v_ApplyLipstick_g21_c03/ 65 1
/ApplyLipstick/v_ApplyLipstick_g21_c03/ 81 1
/ApplyLipstick/v_ApplyLipstick_g21_c03/ 97 1
/ApplyLipstick/v_ApplyLipstick_g21_c03/ 113 1
/ApplyLipstick/v_ApplyLipstick_g21_c04/ 1 1
/ApplyLipstick/v_ApplyLipstick_g21_c04/ 17 1
/ApplyLipstick/v_ApplyLipstick_g21_c04/ 33 1
/ApplyLipstick/v_ApplyLipstick_g21_c04/ 49 1
/ApplyLipstick/v_ApplyLipstick_g21_c04/ 65 1
/ApplyLipstick/v_ApplyLipstick_g21_c04/ 81 1
/ApplyLipstick/v_ApplyLipstick_g21_c04/ 97 1
/ApplyLipstick/v_ApplyLipstick_g21_c04/ 113 1
/ApplyLipstick/v_ApplyLipstick_g21_c04/ 129 1
/ApplyLipstick/v_ApplyLipstick_g21_c04/ 145 1
/ApplyLipstick/v_ApplyLipstick_g21_c04/ 161 1
/ApplyLipstick/v_ApplyLipstick_g21_c04/ 177 1
/ApplyLipstick/v_ApplyLipstick_g21_c05/ 1 1
/ApplyLipstick/v_ApplyLipstick_g21_c05/ 17 1
/ApplyLipstick/v_ApplyLipstick_g21_c05/ 33 1
/ApplyLipstick/v_ApplyLipstick_g21_c05/ 49 1
/ApplyLipstick/v_ApplyLipstick_g21_c05/ 65 1
/ApplyLipstick/v_ApplyLipstick_g21_c05/ 81 1
/ApplyLipstick/v_ApplyLipstick_g21_c05/ 97 1
/ApplyLipstick/v_ApplyLipstick_g21_c05/ 113 1
/ApplyLipstick/v_ApplyLipstick_g22_c01/ 1 1
/ApplyLipstick/v_ApplyLipstick_g22_c01/ 17 1
/ApplyLipstick/v_ApplyLipstick_g22_c01/ 33 1
/ApplyLipstick/v_ApplyLipstick_g22_c01/ 49 1
/ApplyLipstick/v_ApplyLipstick_g22_c01/ 65 1
/ApplyLipstick/v_ApplyLipstick_g22_c01/ 81 1
/ApplyLipstick/v_ApplyLipstick_g22_c01/ 97 1
/ApplyLipstick/v_ApplyLipstick_g22_c01/ 113 1
/ApplyLipstick/v_ApplyLipstick_g22_c01/ 129 1
/ApplyLipstick/v_ApplyLipstick_g22_c01/ 145 1
/ApplyLipstick/v_ApplyLipstick_g22_c01/ 161 1
/ApplyLipstick/v_ApplyLipstick_g22_c02/ 1 1
/ApplyLipstick/v_ApplyLipstick_g22_c02/ 17 1
/ApplyLipstick/v_ApplyLipstick_g22_c02/ 33 1
/ApplyLipstick/v_ApplyLipstick_g22_c02/ 49 1
/ApplyLipstick/v_ApplyLipstick_g22_c02/ 65 1
/ApplyLipstick/v_ApplyLipstick_g22_c02/ 81 1
/ApplyLipstick/v_ApplyLipstick_g22_c02/ 97 1
/ApplyLipstick/v_ApplyLipstick_g22_c02/ 113 1
/ApplyLipstick/v_ApplyLipstick_g22_c02/ 129 1
/ApplyLipstick/v_ApplyLipstick_g22_c02/ 145 1
/ApplyLipstick/v_ApplyLipstick_g22_c02/ 161 1
/ApplyLipstick/v_ApplyLipstick_g22_c03/ 1 1
/ApplyLipstick/v_ApplyLipstick_g22_c03/ 17 1
/ApplyLipstick/v_ApplyLipstick_g22_c03/ 33 1
/ApplyLipstick/v_ApplyLipstick_g22_c03/ 49 1
/ApplyLipstick/v_ApplyLipstick_g22_c03/ 65 1
/ApplyLipstick/v_ApplyLipstick_g22_c03/ 81 1
/ApplyLipstick/v_ApplyLipstick_g22_c03/ 97 1
/ApplyLipstick/v_ApplyLipstick_g22_c03/ 113 1
/ApplyLipstick/v_ApplyLipstick_g22_c03/ 129 1
/ApplyLipstick/v_ApplyLipstick_g22_c03/ 145 1
/ApplyLipstick/v_ApplyLipstick_g22_c04/ 1 1
/ApplyLipstick/v_ApplyLipstick_g22_c04/ 17 1
/ApplyLipstick/v_ApplyLipstick_g22_c04/ 33 1
/ApplyLipstick/v_ApplyLipstick_g22_c04/ 49 1
/ApplyLipstick/v_ApplyLipstick_g22_c04/ 65 1
/ApplyLipstick/v_ApplyLipstick_g22_c04/ 81 1
/ApplyLipstick/v_ApplyLipstick_g22_c04/ 97 1
/ApplyLipstick/v_ApplyLipstick_g22_c04/ 113 1
/ApplyLipstick/v_ApplyLipstick_g22_c04/ 129 1
/ApplyLipstick/v_ApplyLipstick_g22_c04/ 145 1
/ApplyLipstick/v_ApplyLipstick_g22_c04/ 161 1
/ApplyLipstick/v_ApplyLipstick_g22_c05/ 1 1
/ApplyLipstick/v_ApplyLipstick_g22_c05/ 17 1
/ApplyLipstick/v_ApplyLipstick_g22_c05/ 33 1
/ApplyLipstick/v_ApplyLipstick_g22_c05/ 49 1
/ApplyLipstick/v_ApplyLipstick_g22_c05/ 65 1
/ApplyLipstick/v_ApplyLipstick_g22_c05/ 81 1
/ApplyLipstick/v_ApplyLipstick_g22_c05/ 97 1
/ApplyLipstick/v_ApplyLipstick_g22_c05/ 113 1
/ApplyLipstick/v_ApplyLipstick_g22_c05/ 129 1
/ApplyLipstick/v_ApplyLipstick_g22_c05/ 145 1
/ApplyLipstick/v_ApplyLipstick_g22_c05/ 161 1
/ApplyLipstick/v_ApplyLipstick_g22_c05/ 177 1
/ApplyLipstick/v_ApplyLipstick_g22_c05/ 193 1
/ApplyLipstick/v_ApplyLipstick_g22_c05/ 209 1
/ApplyLipstick/v_ApplyLipstick_g22_c05/ 225 1
/ApplyLipstick/v_ApplyLipstick_g22_c05/ 241 1
/ApplyLipstick/v_ApplyLipstick_g22_c06/ 1 1
/ApplyLipstick/v_ApplyLipstick_g22_c06/ 17 1
/ApplyLipstick/v_ApplyLipstick_g22_c06/ 33 1
/ApplyLipstick/v_ApplyLipstick_g22_c06/ 49 1
/ApplyLipstick/v_ApplyLipstick_g22_c06/ 65 1
/ApplyLipstick/v_ApplyLipstick_g22_c06/ 81 1
/ApplyLipstick/v_ApplyLipstick_g22_c06/ 97 1
/ApplyLipstick/v_ApplyLipstick_g22_c06/ 113 1
/ApplyLipstick/v_ApplyLipstick_g22_c06/ 129 1
/ApplyLipstick/v_ApplyLipstick_g22_c06/ 145 1
/ApplyLipstick/v_ApplyLipstick_g22_c07/ 1 1
/ApplyLipstick/v_ApplyLipstick_g22_c07/ 17 1
/ApplyLipstick/v_ApplyLipstick_g22_c07/ 33 1
/ApplyLipstick/v_ApplyLipstick_g22_c07/ 49 1
/ApplyLipstick/v_ApplyLipstick_g22_c07/ 65 1
/ApplyLipstick/v_ApplyLipstick_g23_c01/ 1 1
/ApplyLipstick/v_ApplyLipstick_g23_c01/ 17 1
/ApplyLipstick/v_ApplyLipstick_g23_c01/ 33 1
/ApplyLipstick/v_ApplyLipstick_g23_c01/ 49 1
/ApplyLipstick/v_ApplyLipstick_g23_c01/ 65 1
/ApplyLipstick/v_ApplyLipstick_g23_c01/ 81 1
/ApplyLipstick/v_ApplyLipstick_g23_c01/ 97 1
/ApplyLipstick/v_ApplyLipstick_g23_c01/ 113 1
/ApplyLipstick/v_ApplyLipstick_g23_c01/ 129 1
/ApplyLipstick/v_ApplyLipstick_g23_c01/ 145 1
/ApplyLipstick/v_ApplyLipstick_g23_c01/ 161 1
/ApplyLipstick/v_ApplyLipstick_g23_c01/ 177 1
/ApplyLipstick/v_ApplyLipstick_g23_c01/ 193 1
/ApplyLipstick/v_ApplyLipstick_g23_c02/ 1 1
/ApplyLipstick/v_ApplyLipstick_g23_c02/ 17 1
/ApplyLipstick/v_ApplyLipstick_g23_c02/ 33 1
/ApplyLipstick/v_ApplyLipstick_g23_c02/ 49 1
/ApplyLipstick/v_ApplyLipstick_g23_c02/ 65 1
/ApplyLipstick/v_ApplyLipstick_g23_c02/ 81 1
/ApplyLipstick/v_ApplyLipstick_g23_c02/ 97 1
/ApplyLipstick/v_ApplyLipstick_g23_c02/ 113 1
/ApplyLipstick/v_ApplyLipstick_g23_c02/ 129 1
/ApplyLipstick/v_ApplyLipstick_g23_c03/ 1 1
/ApplyLipstick/v_ApplyLipstick_g23_c03/ 17 1
/ApplyLipstick/v_ApplyLipstick_g23_c03/ 33 1
/ApplyLipstick/v_ApplyLipstick_g23_c03/ 49 1
/ApplyLipstick/v_ApplyLipstick_g23_c03/ 65 1
/ApplyLipstick/v_ApplyLipstick_g23_c03/ 81 1
/ApplyLipstick/v_ApplyLipstick_g23_c03/ 97 1
/ApplyLipstick/v_ApplyLipstick_g23_c03/ 113 1
/ApplyLipstick/v_ApplyLipstick_g23_c04/ 1 1
/ApplyLipstick/v_ApplyLipstick_g23_c04/ 17 1
/ApplyLipstick/v_ApplyLipstick_g23_c04/ 33 1
/ApplyLipstick/v_ApplyLipstick_g23_c04/ 49 1
/ApplyLipstick/v_ApplyLipstick_g23_c04/ 65 1
/ApplyLipstick/v_ApplyLipstick_g23_c04/ 81 1
/ApplyLipstick/v_ApplyLipstick_g23_c04/ 97 1
/ApplyLipstick/v_ApplyLipstick_g23_c04/ 113 1
/ApplyLipstick/v_ApplyLipstick_g23_c04/ 129 1
/ApplyLipstick/v_ApplyLipstick_g23_c04/ 145 1
/ApplyLipstick/v_ApplyLipstick_g23_c04/ 161 1
/ApplyLipstick/v_ApplyLipstick_g23_c04/ 177 1
/ApplyLipstick/v_ApplyLipstick_g23_c04/ 193 1
/ApplyLipstick/v_ApplyLipstick_g24_c01/ 1 1
/ApplyLipstick/v_ApplyLipstick_g24_c01/ 17 1
/ApplyLipstick/v_ApplyLipstick_g24_c01/ 33 1
/ApplyLipstick/v_ApplyLipstick_g24_c01/ 49 1
/ApplyLipstick/v_ApplyLipstick_g24_c01/ 65 1
/ApplyLipstick/v_ApplyLipstick_g24_c01/ 81 1
/ApplyLipstick/v_ApplyLipstick_g24_c01/ 97 1
/ApplyLipstick/v_ApplyLipstick_g24_c02/ 1 1
/ApplyLipstick/v_ApplyLipstick_g24_c02/ 17 1
/ApplyLipstick/v_ApplyLipstick_g24_c02/ 33 1
/ApplyLipstick/v_ApplyLipstick_g24_c02/ 49 1
/ApplyLipstick/v_ApplyLipstick_g24_c02/ 65 1
/ApplyLipstick/v_ApplyLipstick_g24_c02/ 81 1
/ApplyLipstick/v_ApplyLipstick_g24_c02/ 97 1
/ApplyLipstick/v_ApplyLipstick_g24_c02/ 113 1
/ApplyLipstick/v_ApplyLipstick_g24_c02/ 129 1
/ApplyLipstick/v_ApplyLipstick_g24_c02/ 145 1
/ApplyLipstick/v_ApplyLipstick_g24_c02/ 161 1
/ApplyLipstick/v_ApplyLipstick_g24_c02/ 177 1
/ApplyLipstick/v_ApplyLipstick_g24_c02/ 193 1
/ApplyLipstick/v_ApplyLipstick_g24_c03/ 1 1
/ApplyLipstick/v_ApplyLipstick_g24_c03/ 17 1
/ApplyLipstick/v_ApplyLipstick_g24_c03/ 33 1
/ApplyLipstick/v_ApplyLipstick_g24_c03/ 49 1
/ApplyLipstick/v_ApplyLipstick_g24_c03/ 65 1
/ApplyLipstick/v_ApplyLipstick_g24_c03/ 81 1
/ApplyLipstick/v_ApplyLipstick_g24_c03/ 97 1
/ApplyLipstick/v_ApplyLipstick_g24_c04/ 1 1
/ApplyLipstick/v_ApplyLipstick_g24_c04/ 17 1
/ApplyLipstick/v_ApplyLipstick_g24_c04/ 33 1
/ApplyLipstick/v_ApplyLipstick_g24_c04/ 49 1
/ApplyLipstick/v_ApplyLipstick_g24_c04/ 65 1
/ApplyLipstick/v_ApplyLipstick_g24_c04/ 81 1
/ApplyLipstick/v_ApplyLipstick_g24_c04/ 97 1
/ApplyLipstick/v_ApplyLipstick_g24_c05/ 1 1
/ApplyLipstick/v_ApplyLipstick_g24_c05/ 17 1
/ApplyLipstick/v_ApplyLipstick_g24_c05/ 33 1
/ApplyLipstick/v_ApplyLipstick_g24_c05/ 49 1
/ApplyLipstick/v_ApplyLipstick_g24_c05/ 65 1
/ApplyLipstick/v_ApplyLipstick_g24_c05/ 81 1
/ApplyLipstick/v_ApplyLipstick_g24_c05/ 97 1
/ApplyLipstick/v_ApplyLipstick_g24_c05/ 113 1
/ApplyLipstick/v_ApplyLipstick_g24_c05/ 129 1
/ApplyLipstick/v_ApplyLipstick_g24_c05/ 145 1
/ApplyLipstick/v_ApplyLipstick_g24_c05/ 161 1
/ApplyLipstick/v_ApplyLipstick_g24_c05/ 177 1
/ApplyLipstick/v_ApplyLipstick_g24_c05/ 193 1
/ApplyLipstick/v_ApplyLipstick_g24_c05/ 209 1
/ApplyLipstick/v_ApplyLipstick_g24_c05/ 225 1
/ApplyLipstick/v_ApplyLipstick_g24_c05/ 241 1
/ApplyLipstick/v_ApplyLipstick_g24_c05/ 257 1
/ApplyLipstick/v_ApplyLipstick_g24_c05/ 273 1
/ApplyLipstick/v_ApplyLipstick_g25_c01/ 1 1
/ApplyLipstick/v_ApplyLipstick_g25_c01/ 17 1
/ApplyLipstick/v_ApplyLipstick_g25_c01/ 33 1
/ApplyLipstick/v_ApplyLipstick_g25_c01/ 49 1
/ApplyLipstick/v_ApplyLipstick_g25_c01/ 65 1
/ApplyLipstick/v_ApplyLipstick_g25_c01/ 81 1
/ApplyLipstick/v_ApplyLipstick_g25_c01/ 97 1
/ApplyLipstick/v_ApplyLipstick_g25_c01/ 113 1
/ApplyLipstick/v_ApplyLipstick_g25_c01/ 129 1
/ApplyLipstick/v_ApplyLipstick_g25_c01/ 145 1
/ApplyLipstick/v_ApplyLipstick_g25_c02/ 1 1
/ApplyLipstick/v_ApplyLipstick_g25_c02/ 17 1
/ApplyLipstick/v_ApplyLipstick_g25_c02/ 33 1
/ApplyLipstick/v_ApplyLipstick_g25_c02/ 49 1
/ApplyLipstick/v_ApplyLipstick_g25_c02/ 65 1
/ApplyLipstick/v_ApplyLipstick_g25_c02/ 81 1
/ApplyLipstick/v_ApplyLipstick_g25_c02/ 97 1
/ApplyLipstick/v_ApplyLipstick_g25_c02/ 113 1
/ApplyLipstick/v_ApplyLipstick_g25_c02/ 129 1
/ApplyLipstick/v_ApplyLipstick_g25_c03/ 1 1
/ApplyLipstick/v_ApplyLipstick_g25_c03/ 17 1
/ApplyLipstick/v_ApplyLipstick_g25_c03/ 33 1
/ApplyLipstick/v_ApplyLipstick_g25_c03/ 49 1
/ApplyLipstick/v_ApplyLipstick_g25_c03/ 65 1
/ApplyLipstick/v_ApplyLipstick_g25_c03/ 81 1
/ApplyLipstick/v_ApplyLipstick_g25_c03/ 97 1
/ApplyLipstick/v_ApplyLipstick_g25_c03/ 113 1
/ApplyLipstick/v_ApplyLipstick_g25_c03/ 129 1
/ApplyLipstick/v_ApplyLipstick_g25_c03/ 145 1
/ApplyLipstick/v_ApplyLipstick_g25_c03/ 161 1
/ApplyLipstick/v_ApplyLipstick_g25_c04/ 1 1
/ApplyLipstick/v_ApplyLipstick_g25_c04/ 17 1
/ApplyLipstick/v_ApplyLipstick_g25_c04/ 33 1
/ApplyLipstick/v_ApplyLipstick_g25_c04/ 49 1
/ApplyLipstick/v_ApplyLipstick_g25_c04/ 65 1
/ApplyLipstick/v_ApplyLipstick_g25_c04/ 81 1
/ApplyLipstick/v_ApplyLipstick_g25_c04/ 97 1
/ApplyLipstick/v_ApplyLipstick_g25_c04/ 113 1
/ApplyLipstick/v_ApplyLipstick_g25_c04/ 129 1
/ApplyLipstick/v_ApplyLipstick_g25_c04/ 145 1
/ApplyLipstick/v_ApplyLipstick_g25_c04/ 161 1
/ApplyLipstick/v_ApplyLipstick_g25_c04/ 177 1
